tim
595,26.37,299.52,1019
2109,26.44,299.59,1017
time_ms,temp_c,temp_k,adc
595,26.44,299.59,1017
2109,26.44,299.59,1015
3622,26.44,299.59,1015
5136,26.44,299.59,1015
6649,26.44,299.59,1015
8163,26.44,299.59,1016
9675,26.50,299.65,1016
11189,26.44,299.59,1014
12702,26.44,299.59,1016
14216,26.44,299.59,1017
15729,26.44,299.59,1015
17243,26.44,299.59,1016
18756,26.37,299.52,1015
20270,26.44,299.59,1016
21783,26.44,299.59,1016
23297,26.44,299.59,1015
24810,26.44,299.59,1017
26323,26.50,299.65,1016
27837,26.44,299.59,1015
29349,26.44,299.59,1016
30863,26.44,299.59,1016
32376,26.44,299.59,1015
33890,26.50,299.65,1016
35403,26.44,299.59,1016
36917,26.37,299.52,1018
38430,26.44,299.59,1016
39944,26.37,299.52,1015
41457,26.37,299.52,1016
42971,26.44,299.59,1015
44484,26.50,299.65,1017
45998,26.44,299.59,1015
47510,26.44,299.59,1017
49024,26.50,299.65,1016
50537,26.44,299.59,1016
52050,26.44,299.59,1015
53564,26.50,299.65,1016
55077,26.44,299.59,1015
56591,26.50,299.65,1015
58104,26.50,299.65,1016
59618,26.44,299.59,1015
61131,26.50,299.65,1018
62645,26.50,299.65,1016
64158,26.37,299.52,1016
65672,26.37,299.52,1015
67184,26.37,299.52,1015
68698,26.44,299.59,1015
70211,26.44,299.59,1016
71725,26.50,299.65,1016
73238,26.50,299.65,1016
74752,26.44,299.59,1012
76265,26.44,299.59,1016
77778,26.44,299.59,1015
79292,26.50,299.65,1016
80805,26.50,299.65,1015
82319,26.50,299.65,1016
83832,26.50,299.65,1017
85346,26.44,299.59,1016
86859,26.50,299.65,1014
88373,26.50,299.65,1015
89886,26.50,299.65,1010
91400,26.50,299.65,1010
92912,26.44,299.59,1010
94426,26.06,299.21,1009
95939,25.56,298.71,1011
97452,24.56,297.71,1012
98965,23.12,296.27,1011
100477,22.12,295.27,1011
101990,22.00,295.15,1011
103502,21.44,294.59,1010
105014,20.56,293.71,1011
106526,19.81,292.96,1010
108038,19.12,292.27,1011
109550,18.62,291.77,1011
111062,18.37,291.52,1011
112574,17.75,290.90,1012
114085,16.94,290.09,1012
115597,16.12,289.27,1014
117108,15.44,288.59,1014
118620,14.69,287.84,1013
120131,13.94,287.09,1013
121643,13.25,286.40,1014
123154,12.63,285.77,1015
124665,12.13,285.27,1014
126177,11.81,284.96,1014
127688,11.50,284.65,1016
129200,11.25,284.40,1015
130710,10.88,284.02,1013
132221,10.94,284.09,1013
133733,11.31,284.46,1016
135244,11.50,284.65,1016
136756,11.44,284.59,1014
138266,11.19,284.34,1015
139778,11.06,284.21,1015
141289,10.81,283.96,1015
142800,10.44,283.59,1015
144311,10.13,283.27,1014
145822,9.63,282.77,1016
147334,9.13,282.27,1015
148844,8.69,281.84,1013
150355,8.44,281.59,1016
151866,8.25,281.40,1015
153377,8.06,281.21,1015
154888,7.75,280.90,1013
156399,7.50,280.65,1013
157910,7.31,280.46,1016
159421,7.06,280.21,1016
160931,6.81,279.96,1015
162443,6.69,279.84,1016
163953,6.69,279.84,1016
165465,6.56,279.71,1015
166975,6.50,279.65,1015
168486,6.44,279.59,1015
169997,6.38,279.52,1015
171508,6.31,279.46,1015
173019,6.13,279.27,1015
174530,5.75,278.90,1016
176040,5.44,278.59,1017
177552,5.38,278.52,1014
179062,5.31,278.46,1016
180574,5.19,278.34,1015
182084,5.00,278.15,1016
183596,4.81,277.96,1017
185106,4.69,277.84,1017
186617,4.63,277.77,1015
188128,4.50,277.65,1016
189638,4.44,277.59,1015
191150,4.38,277.52,1017
192660,4.25,277.40,1016
194171,4.13,277.27,1016
195682,3.94,277.09,1016
197193,3.75,276.90,1017
198704,3.63,276.77,1006
200215,3.56,276.71,1007
201725,3.50,276.65,1008
203236,3.44,276.59,1008
204747,3.38,276.52,1008
206258,3.38,276.52,1008
207769,3.38,276.52,1007
209280,3.25,276.40,1007
210791,3.25,276.40,1009
212301,3.19,276.34,1008
213813,3.06,276.21,1008
215323,3.06,276.21,1009
216835,3.00,276.15,1009
218345,2.94,276.09,1008
219855,2.88,276.02,1012
221367,2.88,276.02,1008
222877,2.88,276.02,1011
224389,2.88,276.02,1012
225899,2.81,275.96,1013
227410,2.75,275.90,1014
228921,2.75,275.90,1014
230432,2.69,275.84,1016
231943,2.50,275.65,1013
233454,2.38,275.52,1015
234964,2.44,275.59,1014
236476,2.38,275.52,1014
237986,2.31,275.46,1013
239498,2.31,275.46,1012
241008,2.25,275.40,1014
242520,2.19,275.34,1014
244030,2.06,275.21,1015
245541,2.00,275.15,1014
247052,1.94,275.09,1016
248563,1.81,274.96,1017
250074,1.75,274.90,1011
251585,1.69,274.84,1012
253095,1.63,274.77,1015
254607,1.63,274.77,1014
256117,1.63,274.77,1013
257629,1.56,274.71,1012
259139,1.56,274.71,1012
260651,1.50,274.65,1013
262161,1.44,274.59,1011
263672,1.37,274.52,1012
265183,1.31,274.46,1011
266694,1.19,274.34,1013
268205,1.12,274.27,1015
269716,1.00,274.15,1013
271226,1.00,274.15,1016
272738,0.94,274.09,1015
274248,0.94,274.09,1015
275760,0.88,274.02,1016
277270,0.88,274.02,1016
278781,0.88,274.02,1011
280292,0.75,273.90,1013
281803,0.69,273.84,1015
283314,0.63,273.77,1013
284825,0.63,273.77,1013
286336,0.56,273.71,1013
287847,0.56,273.71,1013
289357,0.50,273.65,1015
290869,0.50,273.65,1015
292379,0.50,273.65,1014
293891,0.44,273.59,1014
295401,0.37,273.52,1014
296912,0.37,273.52,1015
298423,0.37,273.52,1014
299934,0.37,273.52,1012
301445,0.31,273.46,1014
302956,0.37,273.52,1015
304466,0.31,273.46,1012
305978,0.31,273.46,1013
307489,0.31,273.46,1012
309000,0.31,273.46,1015
310511,0.31,273.46,1015
312022,0.25,273.40,1015
313533,0.25,273.40,1011
315043,0.19,273.34,1013
316555,0.19,273.34,1014
318065,0.19,273.34,1014
319577,0.25,273.40,1013
321087,0.12,273.27,1012
322598,0.12,273.27,1015
324109,0.12,273.27,1014
325620,0.12,273.27,1015
327131,0.12,273.27,1014
328642,0.06,273.21,1016
330152,0.06,273.21,1015
331664,0.00,273.15,1016
333174,0.00,273.15,1015
334685,0.06,273.21,1017
336196,0.06,273.21,1013
337707,0.06,273.21,1015
339218,0.06,273.21,1015
340728,0.06,273.21,1015
342240,0.06,273.21,1016
343750,0.06,273.21,1013
345262,0.06,273.21,1015
346772,0.00,273.15,1013
348283,0.12,273.27,1016
349794,0.06,273.21,1014
351305,0.00,273.15,1015
352817,0.00,273.15,1014
354327,0.00,273.15,1017
355838,0.06,273.21,1014
357349,0.00,273.15,1015
358860,0.00,273.15,1015
360371,0.00,273.15,1016
361882,-0.06,273.09,1015
363393,0.00,273.15,1016
364904,0.00,273.15,1014
366414,-0.06,273.09,1015
367926,0.00,273.15,1017
369436,0.00,273.15,1016
370948,0.00,273.15,1016
372458,0.00,273.15,1015
373969,0.00,273.15,1015
375480,0.00,273.15,1015
376991,0.00,273.15,1016
378502,0.06,273.21,1015
380013,0.00,273.15,1017
