tdc
625,97.62,370.77,1020
2168,97.69,370.84,1016
time_ms,temp_c,temp_k,adc
625,97.69,370.84,1015
2168,97.69,370.84,1018
3710,97.69,370.84,1020
5254,97.69,370.84,1013
6797,97.69,370.84,1017
8340,97.69,370.84,1014
9882,97.69,370.84,1014
11425,97.62,370.77,1016
12968,97.62,370.77,1013
14512,97.62,370.77,1015
16054,97.62,370.77,1014
17597,97.69,370.84,1019
19140,97.62,370.77,1013
20682,97.62,370.77,1017
22225,97.62,370.77,1014
23769,97.62,370.77,1017
25312,97.62,370.77,1014
26854,97.62,370.77,1020
28397,97.62,370.77,1012
29940,97.62,370.77,1016
31483,97.62,370.77,1013
33026,97.62,370.77,1019
34569,97.62,370.77,1014
36112,97.62,370.77,1018
37655,97.62,370.77,1013
39197,97.62,370.77,1019
40740,97.62,370.77,1013
42284,97.56,370.71,1017
43827,97.50,370.65,1015
45369,97.50,370.65,1015
46912,97.50,370.65,1015
48454,97.44,370.59,1014
49997,97.44,370.59,1012
51540,97.44,370.59,1015
53083,97.44,370.59,1014
54626,97.44,370.59,1018
56169,97.44,370.59,1014
57711,97.44,370.59,1012
59254,97.37,370.52,1015
60796,97.31,370.46,1017
62340,97.31,370.46,1015
63882,97.37,370.52,1015
65425,97.31,370.46,1017
66968,97.31,370.46,1014
68510,97.31,370.46,1015
70053,97.25,370.40,1019
71596,97.25,370.40,1014
73139,97.25,370.40,1015
74681,97.25,370.40,1015
76224,97.19,370.34,1017
77766,97.19,370.34,1014
79309,97.25,370.40,1015
80851,97.19,370.34,1015
82395,97.19,370.34,1014
83937,97.12,370.27,1014
85479,97.12,370.27,1013
87022,97.12,370.27,1016
88564,97.12,370.27,1014
90107,97.12,370.27,1016
91650,97.12,370.27,1015
93193,97.12,370.27,1021
94735,97.06,370.21,1014
96277,97.06,370.21,1017
97820,97.00,370.15,1014
99362,97.00,370.15,1013
100904,97.00,370.15,1014
102448,96.94,370.09,1016
103990,97.00,370.15,1012
105532,96.94,370.09,1018
107075,96.87,370.02,1016
108617,96.87,370.02,1017
110159,96.87,370.02,1013
111703,96.87,370.02,1016
113245,96.81,369.96,1014
114787,96.75,369.90,1011
116329,96.75,369.90,1014
117872,96.69,369.84,1016
119414,96.75,369.90,1015
120956,96.69,369.84,1018
122499,96.62,369.77,1014
124041,96.62,369.77,1014
125584,96.62,369.77,1015
127126,96.62,369.77,1016
128668,96.62,369.77,1017
130210,96.62,369.77,1016
131752,96.62,369.77,1015
133295,96.62,369.77,1017
134837,96.56,369.71,1017
136380,96.56,369.71,1015
137922,96.50,369.65,1012
139464,96.50,369.65,1016
141006,96.50,369.65,1014
142548,96.50,369.65,1017
144091,96.50,369.65,1007
145633,96.44,369.59,1018
147175,96.44,369.59,1015
148717,96.37,369.52,1016
150259,96.31,369.46,1014
151801,96.31,369.46,1016
153344,96.25,369.40,1016
154886,96.25,369.40,1016
156428,96.25,369.40,1015
157970,96.25,369.40,1015
159512,96.19,369.34,1014
161054,96.19,369.34,1016
162596,96.19,369.34,1012
164139,96.19,369.34,1014
165681,96.12,369.27,1015
167223,96.12,369.27,1017
168764,96.06,369.21,1015
170306,96.06,369.21,1016
171848,96.00,369.15,1015
173390,96.00,369.15,1013
174932,95.94,369.09,1017
176474,95.87,369.02,1009
178016,95.94,369.09,1016
179558,95.87,369.02,1014
181100,95.87,369.02,1013
182642,95.81,368.96,1015
184183,95.81,368.96,1016
185725,95.75,368.90,1018
187268,95.75,368.90,1016
188809,95.69,368.84,1016
190351,95.62,368.77,1014
191893,95.62,368.77,1014
193434,95.56,368.71,1015
194976,95.56,368.71,1016
196517,95.50,368.65,1017
198060,95.50,368.65,1014
199601,95.50,368.65,1016
201143,95.50,368.65,1015
202684,95.37,368.52,1017
204226,95.37,368.52,1017
205767,95.37,368.52,1017
207309,95.31,368.46,1015
208850,95.25,368.40,1014
210392,95.19,368.34,1016
211934,95.19,368.34,1014
213475,95.12,368.27,1014
215016,95.12,368.27,1014
216558,95.12,368.27,1018
218099,95.06,368.21,1013
219640,94.94,368.09,1015
221181,94.94,368.09,1017
222723,94.87,368.02,1016
224265,94.87,368.02,1016
225806,94.87,368.02,1014
227347,94.81,367.96,1015
228888,94.75,367.90,1014
230429,94.69,367.84,1015
231970,94.75,367.90,1015
233511,94.75,367.90,1014
235053,94.69,367.84,1018
236594,94.69,367.84,1017
238136,94.69,367.84,1011
239677,94.69,367.84,1017
241218,94.69,367.84,1015
242759,94.62,367.77,1015
244300,94.56,367.71,1017
245841,94.50,367.65,1014
247383,94.44,367.59,1012
248923,94.37,367.52,1015
250464,94.37,367.52,1015
252005,94.31,367.46,1014
253546,94.19,367.34,1014
255087,94.25,367.40,1013
256627,94.19,367.34,1017
258168,94.19,367.34,1014
259709,94.19,367.34,1019
261251,94.19,367.34,1017
262792,94.12,367.27,1017
264332,94.06,367.21,1016
265873,94.00,367.15,1015
267414,94.00,367.15,1016
268954,93.94,367.09,1014
270495,93.94,367.09,1017
272036,93.94,367.09,1016
273576,93.94,367.09,1016
275118,93.94,367.09,1018
276658,93.94,367.09,1014
278199,93.94,367.09,1013
279740,93.87,367.02,1016
281280,93.81,366.96,1014
282821,93.75,366.90,1013
284361,93.69,366.84,1012
285902,93.62,366.77,1018
287442,93.56,366.71,1016
288984,93.50,366.65,1015
290524,93.44,366.59,1014
292064,93.37,366.52,1014
293605,93.31,366.46,1015
295145,93.31,366.46,1015
296685,93.25,366.40,1013
298226,93.19,366.34,1018
299766,93.25,366.40,1017
301306,93.19,366.34,1014
302846,93.19,366.34,1016
304388,93.19,366.34,1016
305928,93.12,366.27,1015
307468,93.06,366.21,1014
309008,93.00,366.15,1016
310548,92.94,366.09,1015
312088,92.87,366.02,1016
313628,92.81,365.96,1016
315168,92.81,365.96,1015
316708,92.81,365.96,1015
318248,92.81,365.96,1016
319789,92.75,365.90,1015
321329,92.69,365.84,1016
322869,92.62,365.77,1013
324409,92.56,365.71,1016
325949,92.50,365.65,1014
327489,92.44,365.59,1011
329029,92.31,365.46,1016
330568,92.31,365.46,1015
332108,92.25,365.40,1015
333648,92.25,365.40,1016
335187,92.25,365.40,1016
336728,92.19,365.34,1013
338268,92.12,365.27,1015
339807,92.12,365.27,1013
341347,92.12,365.27,1016
342887,92.06,365.21,1016
344426,92.06,365.21,1014
345966,92.00,365.15,1015
347505,91.87,365.02,1016
349045,91.87,365.02,1013
350584,91.81,364.96,1014
352123,91.69,364.84,1016
353664,91.62,364.77,1015
355203,91.50,364.65,1014
356742,91.37,364.52,1014
358282,91.37,364.52,1014
359821,91.31,364.46,1015
361360,91.25,364.40,1017
362899,91.25,364.40,1014
364438,91.19,364.34,1015
365977,91.12,364.27,1017
367516,91.12,364.27,1014
369055,91.06,364.21,1015
370594,91.00,364.15,1014
372133,91.00,364.15,1016
373672,91.00,364.15,1014
375212,91.00,364.15,1018
376751,90.94,364.09,1015
378290,90.94,364.09,1015
379829,90.87,364.02,1016
381367,90.75,363.90,1013
382906,90.62,363.77,1015
384445,90.50,363.65,1015
385984,90.44,363.59,1017
387522,90.31,363.46,1015
389061,90.31,363.46,1015
390599,90.31,363.46,1015
392138,90.25,363.40,1013
393676,90.19,363.34,1015
395215,90.19,363.34,1017
396754,90.19,363.34,1015
398292,90.12,363.27,1013
399832,90.06,363.21,1015
401370,90.00,363.15,1014
402908,90.00,363.15,1016
404447,89.94,363.09,1013
405985,89.87,363.02,1013
407524,89.81,362.96,1015
409062,89.75,362.90,1015
410600,89.69,362.84,1013
412138,89.62,362.77,1018
413676,89.69,362.84,1016
415215,89.62,362.77,1016
416753,89.56,362.71,1014
418291,89.56,362.71,1013
419829,89.50,362.65,1019
421367,89.50,362.65,1015
422906,89.44,362.59,1012
424444,89.37,362.52,1014
425982,89.37,362.52,1013
427521,89.25,362.40,1013
429059,89.19,362.34,1015
430597,89.06,362.21,1017
432134,89.06,362.21,1016
433672,89.00,362.15,1015
435210,88.94,362.09,1014
436748,88.94,362.09,1013
438286,88.81,361.96,1013
439824,88.75,361.90,1013
441361,88.75,361.90,1016
442899,88.69,361.84,1016
444437,88.62,361.77,1013
445974,88.56,361.71,1015
447512,88.44,361.59,1013
449049,88.44,361.59,1014
450587,88.37,361.52,1014
452124,88.31,361.46,1015
453662,88.25,361.40,1010
455199,88.12,361.27,1011
456736,88.06,361.21,1013
458274,87.94,361.09,1014
459811,87.94,361.09,1014
461348,87.94,361.09,1016
462886,87.87,361.02,1014
464423,87.87,361.02,1017
465960,87.87,361.02,1015
467497,87.75,360.90,1012
469035,87.69,360.84,1012
470573,87.56,360.71,1013
472110,87.50,360.65,1014
473647,87.37,360.52,1016
475183,87.31,360.46,1015
476720,87.25,360.40,1017
478257,87.19,360.34,1012
479794,87.12,360.27,1019
481331,87.06,360.21,1014
482868,87.00,360.15,1014
484405,87.00,360.15,1016
485941,86.94,360.09,1015
487478,86.87,360.02,1014
489015,86.81,359.96,1016
490552,86.81,359.96,1015
492088,86.81,359.96,1013
493625,86.75,359.90,1014
495161,86.69,359.84,1015
496698,86.62,359.77,1013
498234,86.56,359.71,1016
499771,86.44,359.59,1006
501307,86.37,359.52,1014
502844,86.31,359.46,1016
504380,86.31,359.46,1012
505917,86.25,359.40,1013
507453,86.19,359.34,1015
508989,86.19,359.34,1013
510526,86.12,359.27,1016
512062,86.00,359.15,1016
513598,85.94,359.09,1015
515134,85.81,358.96,1016
516670,85.81,358.96,1017
518207,85.75,358.90,1016
519743,85.69,358.84,1014
521279,85.62,358.77,1015
522815,85.56,358.71,1013
524351,85.50,358.65,1013
525887,85.44,358.59,1011
527422,85.37,358.52,1019
528958,85.31,358.46,1013
530494,85.31,358.46,1015
532030,85.19,358.34,1014
533566,85.12,358.27,1015
535101,85.12,358.27,1015
536637,85.06,358.21,1015
538173,85.00,358.15,1017
539709,84.94,358.09,1017
541244,84.87,358.02,1017
542780,84.81,357.96,1014
544315,84.75,357.90,1016
545851,84.69,357.84,1014
547387,84.62,357.77,1014
548922,84.56,357.71,1012
550458,84.50,357.65,1012
551993,84.50,357.65,1014
553528,84.37,357.52,1013
555064,84.37,357.52,1017
556599,84.25,357.40,1015
558134,84.25,357.40,1014
559670,84.25,357.40,1014
561205,84.12,357.27,1014
562740,84.12,357.27,1012
564276,84.06,357.21,1015
565811,84.00,357.15,1016
567346,84.00,357.15,1015
568881,83.94,357.09,1012
570416,83.87,357.02,1016
571951,83.81,356.96,1015
573486,83.81,356.96,1014
575021,83.75,356.90,1016
576556,83.69,356.84,1016
578091,83.56,356.71,1018
579625,83.50,356.65,1016
581160,83.44,356.59,1016
582695,83.37,356.52,1014
584230,83.31,356.46,1017
585765,83.25,356.40,1016
587299,83.00,356.15,1017
588833,82.25,355.40,1016
590367,81.81,354.96,1016
591901,80.62,353.77,1015
593434,79.81,352.96,1014
594966,78.87,352.02,1015
596498,77.87,351.02,1013
598030,76.75,349.90,1016
599560,75.44,348.59,1015
601090,74.12,347.27,1019
602619,72.81,345.96,1016
604148,71.62,344.77,1015
605676,70.44,343.59,1019
606796,70.44,343.59,1014
608323,68.06,341.21,1014
609849,66.94,340.09,1012
611376,65.94,339.09,1014
612901,65.06,338.21,1015
614426,64.31,337.46,1016
615952,63.63,336.77,1016
617477,63.00,336.15,1017
619000,62.44,335.59,1014
620525,61.81,334.96,1017
622049,61.31,334.46,1015
623572,60.81,333.96,1015
625096,60.38,333.52,1016
626620,59.88,333.02,1012
628144,59.44,332.59,1016
629666,59.13,332.27,1014
631189,58.75,331.90,1017
632689,,,1016
# Error: could not read temperature, check wiring
634212,58.25,331.40,1016
635735,58.06,331.21,1014
637257,57.81,330.96,1016
638780,57.56,330.71,1017
640303,57.38,330.52,1015
641824,57.19,330.34,1012
643347,57.00,330.15,1016
644870,56.75,329.90,1016
646391,56.63,329.77,1017
647914,56.44,329.59,1015
649436,56.31,329.46,1017
650957,56.19,329.34,1017
652479,56.06,329.21,1015
653733,,,1013
# Error: could not read temperature, check wiring
654751,,,851
# Error: could not read temperature, check wiring
656273,56.00,329.15,1014
657795,55.81,328.96,1017
659316,55.69,328.84,1012
660838,55.63,328.77,1014
662361,55.56,328.71,1015
663882,55.50,328.65,1013
665404,55.50,328.65,1014
666926,55.44,328.59,1017
668447,55.44,328.59,1019
669969,55.44,328.59,1018
671491,55.38,328.52,1018
673012,55.44,328.59,1015
674534,55.38,328.52,1014
676056,55.44,328.59,1017
677577,55.38,328.52,1014
679099,55.38,328.52,1019
680621,55.38,328.52,1015
682142,55.38,328.52,1014
683664,55.38,328.52,1015
685186,55.38,328.52,1014
686707,55.38,328.52,1013
688229,55.38,328.52,1018
689751,55.38,328.52,1015
691272,55.44,328.59,1014
692794,55.44,328.59,1016
694316,55.38,328.52,1019
695837,55.38,328.52,1018
697359,55.44,328.59,1014
698881,55.44,328.59,1014
700402,55.50,328.65,1016
701924,55.50,328.65,1016
703446,55.50,328.65,1014
704967,55.50,328.65,1016
706489,55.56,328.71,1014
708011,55.56,328.71,1013
709532,55.56,328.71,1014
711054,55.63,328.77,1016
712576,55.63,328.77,1015
714097,55.56,328.71,1015
715619,55.56,328.71,1015
717140,55.63,328.77,1017
718662,55.63,328.77,1017
720184,55.69,328.84,1015
721705,55.63,328.77,1018
723227,55.69,328.84,1014
724749,55.63,328.77,1014
726270,55.63,328.77,1017
727792,55.63,328.77,1013
729314,55.69,328.84,1016
730835,55.69,328.84,1014
732357,55.63,328.77,1015
733879,55.69,328.84,1017
735401,55.63,328.77,1015
736923,55.63,328.77,1015
738445,55.63,328.77,1016
739966,55.63,328.77,1015
741488,55.63,328.77,1017
743010,55.63,328.77,1015
744531,55.63,328.77,1015
746053,55.63,328.77,1016
747575,55.63,328.77,1012
749096,55.63,328.77,1013
750618,55.63,328.77,1015
752140,55.63,328.77,1014
753661,55.56,328.71,1016
755183,55.56,328.71,1018
756705,55.56,328.71,1015
758226,55.56,328.71,1015
759748,55.56,328.71,1017
761270,55.56,328.71,1015
762791,55.56,328.71,1014
764313,55.50,328.65,1015
765835,55.50,328.65,1016
767356,55.56,328.71,1017
768878,55.50,328.65,1015
770400,55.56,328.71,1014
771921,55.50,328.65,1016
773443,55.50,328.65,1016
774965,55.50,328.65,1023
776486,55.44,328.59,1016
778008,55.44,328.59,1007
779530,55.44,328.59,1009
781051,55.38,328.52,1020
782573,55.31,328.46,1023
784095,55.31,328.46,1019
785616,55.31,328.46,1005
787138,55.25,328.40,1010
788660,55.25,328.40,1022
790181,55.25,328.40,1023
791702,55.31,328.46,1015
793224,55.31,328.46,1006
794745,55.31,328.46,1007
796267,55.31,328.46,1019
797789,55.38,328.52,1016
799310,55.31,328.46,1014
800832,55.31,328.46,1015
802354,55.25,328.40,1018
803875,55.25,328.40,1013
805397,55.25,328.40,1016
806918,55.25,328.40,1016
808439,55.25,328.40,1018
809961,55.19,328.34,1015
811483,55.19,328.34,1014
813004,55.19,328.34,1015
814526,55.19,328.34,1016
816047,55.19,328.34,1015
817568,55.13,328.27,1016
819090,55.19,328.34,1015
820612,55.19,328.34,1014
822133,55.13,328.27,1015
823655,55.19,328.34,1018
825177,55.19,328.34,1017
826698,55.19,328.34,1016
828219,55.13,328.27,1017
829741,55.13,328.27,1016
831262,55.13,328.27,1015
832784,55.06,328.21,1017
834306,55.06,328.21,1017
835826,55.06,328.21,1016
837348,55.06,328.21,1016
838870,55.06,328.21,1016
840391,55.00,328.15,1017
841913,55.00,328.15,1016
843433,55.06,328.21,1017
844955,55.06,328.21,1017
846477,55.00,328.15,1016
847998,55.00,328.15,1016
849520,55.00,328.15,1015
851041,54.94,328.09,1017
852562,55.00,328.15,1016
854084,54.94,328.09,1017
855606,54.94,328.09,1016
857126,54.94,328.09,1015
858648,54.88,328.02,1017
860170,54.94,328.09,1015
861691,54.88,328.02,1015
863212,54.94,328.09,1018
864734,54.88,328.02,1015
866255,54.94,328.09,1016
867777,54.88,328.02,1016
869299,54.88,328.02,1017
870819,54.88,328.02,1017
872341,54.81,327.96,1017
873863,54.88,328.02,1017
875384,54.81,327.96,1017
876905,54.88,328.02,1016
878427,54.88,328.02,1016
879948,54.81,327.96,1017
881469,54.81,327.96,1017
882991,54.75,327.90,1018
884512,54.75,327.90,1017
886033,54.81,327.96,1016
887555,54.75,327.90,1016
889076,54.75,327.90,1017
890598,54.75,327.90,1017
892119,54.75,327.90,1016
893640,54.75,327.90,1016
895162,54.69,327.84,1018
896683,54.69,327.84,1017
898204,54.69,327.84,1017
899726,54.69,327.84,1018
901246,54.69,327.84,1016
902768,54.69,327.84,1015
904290,54.69,327.84,1015
905810,54.69,327.84,1016
907332,54.69,327.84,1017
908854,54.69,327.84,1017
910374,54.63,327.77,1017
911896,54.63,327.77,1016
913418,54.56,327.71,1016
914938,54.56,327.71,1016
916460,54.56,327.71,1017
917982,54.50,327.65,1017
919502,54.56,327.71,1016
921024,54.50,327.65,1017
922545,54.50,327.65,1017
924066,54.44,327.59,1017
925588,54.44,327.59,1016
927109,54.44,327.59,1017
928630,54.44,327.59,1016
930152,54.44,327.59,1018
931673,54.44,327.59,1016
933194,54.44,327.59,1014
934715,54.44,327.59,1016
936237,54.38,327.52,1016
937758,54.38,327.52,1018
939279,54.38,327.52,1018
940801,54.31,327.46,1016
942321,54.38,327.52,1015
943843,54.31,327.46,1016
945364,54.31,327.46,1016
946885,54.31,327.46,1017
948407,54.25,327.40,1016
949927,54.25,327.40,1016
951449,54.25,327.40,1017
952970,54.25,327.40,1016
954491,54.19,327.34,1017
956012,54.19,327.34,1014
957534,54.19,327.34,1017
959054,54.19,327.34,1017
960576,54.19,327.34,1017
962097,54.13,327.27,1018
963618,54.06,327.21,1018
965139,54.13,327.27,1017
966661,54.13,327.27,1016
968181,54.06,327.21,1019
969703,54.06,327.21,1015
971224,54.06,327.21,1016
972745,54.06,327.21,1017
974266,54.06,327.21,1017
975788,54.06,327.21,1017
977308,54.00,327.15,1018
978829,54.00,327.15,1017
980350,54.00,327.15,1016
981871,54.00,327.15,1016
983393,53.94,327.09,1016
984913,53.94,327.09,1016
986435,53.94,327.09,1015
987956,53.88,327.02,1015
989476,53.88,327.02,1015
990998,53.88,327.02,1015
992519,53.88,327.02,1017
994040,53.88,327.02,1019
995561,53.81,326.96,1014
997083,53.75,326.90,1015
998603,53.75,326.90,1017
1000124,53.75,326.90,1016
1001646,53.75,326.90,1017
1003166,53.69,326.84,1016
1004688,53.69,326.84,1016
1006209,53.63,326.77,1018
1007730,53.63,326.77,1016
1009251,53.69,326.84,1014
1010771,53.63,326.77,1014
1012293,53.63,326.77,1017
1013814,53.63,326.77,1012
1015334,53.63,326.77,1015
1016856,53.63,326.77,1016
1018377,53.56,326.71,1017
1019897,53.63,326.77,1016
1021419,53.56,326.71,1016
1022940,53.56,326.71,1016
1024460,53.50,326.65,1018
1025982,53.44,326.59,1017
1027503,53.44,326.59,1016
1029023,53.44,326.59,1017
1030545,53.44,326.59,1017
1032066,53.44,326.59,1016
1033586,53.44,326.59,1015
1035108,53.38,326.52,1019
1036628,53.44,326.59,1015
1038149,53.38,326.52,1017
1039670,53.38,326.52,1016
1041191,53.38,326.52,1016
1042712,53.31,326.46,1017
1044233,53.38,326.52,1017
1045753,53.38,326.52,1017
1047275,53.38,326.52,1017
1048796,53.31,326.46,1016
1050316,53.31,326.46,1015
1051837,53.31,326.46,1017
1053359,53.31,326.46,1017
1054879,53.31,326.46,1015
1056400,53.25,326.40,1016
1057921,53.25,326.40,1017
1059441,53.19,326.34,1017
1060963,53.13,326.27,1017
1062483,53.06,326.21,1017
1064004,53.13,326.27,1016
1065525,53.06,326.21,1016
1067045,53.06,326.21,1019
1068566,53.00,326.15,1016
1070087,53.00,326.15,1017
1071608,52.94,326.09,1017
1073129,52.94,326.09,1016
1074650,52.94,326.09,1016
1076170,52.88,326.02,1018
1077691,52.88,326.02,1015
1079212,52.88,326.02,1016
1080732,52.88,326.02,1018
1082253,52.88,326.02,1015
1083773,52.88,326.02,1015
1085294,52.81,325.96,1015
1086816,52.81,325.96,1016
1088336,52.81,325.96,1016
1089857,52.81,325.96,1019
1091378,52.81,325.96,1017
1092898,52.81,325.96,1016
1094419,52.81,325.96,1017
1095940,52.81,325.96,1016
1097460,52.75,325.90,1014
1098981,52.75,325.90,1017
1100502,52.75,325.90,1018
1102022,52.75,325.90,1016
1103543,52.75,325.90,1016
1105063,52.69,325.84,1016
1106584,52.69,325.84,1016
1108105,52.69,325.84,1014
1109625,52.63,325.77,1015
1111146,52.69,325.84,1016
1112667,52.69,325.84,1016
1114187,52.69,325.84,1018
1115708,52.69,325.84,1016
1117228,52.69,325.84,1016
1118748,52.63,325.77,1016
1120269,52.63,325.77,1017
1121789,52.56,325.71,1017
1123310,52.50,325.65,1017
1124831,52.56,325.71,1016
1126351,52.50,325.65,1016
1127872,52.56,325.71,1015
1129393,52.50,325.65,1016
1130913,52.50,325.65,1016
1132434,52.50,325.65,1017
1133955,52.44,325.59,1017
1135475,52.44,325.59,1016
1136996,52.44,325.59,1016
1138516,52.38,325.52,1017
1140036,52.38,325.52,1017
1141557,52.31,325.46,1017
1143077,52.25,325.40,1019
1144598,52.25,325.40,1017
1146119,52.25,325.40,1016
1147638,52.31,325.46,1016
1149159,52.25,325.40,1017
1150680,52.25,325.40,1015
1152200,52.25,325.40,1018
1153721,52.25,325.40,1016
1155240,52.25,325.40,1017
1156761,52.19,325.34,1018
1158282,52.19,325.34,1017
1159802,52.19,325.34,1015
1161322,52.19,325.34,1017
1162843,52.13,325.27,1018
1164363,52.13,325.27,1015
1165884,52.06,325.21,1015
1167405,52.00,325.15,1016
1168924,52.00,325.15,1016
1170445,51.94,325.09,1015
1171965,51.94,325.09,1016
1173485,51.94,325.09,1015
1175006,51.88,325.02,1016
1176526,51.88,325.02,1017
1178046,51.88,325.02,1017
1179567,51.88,325.02,1016
1181087,51.88,325.02,1016
1182608,51.88,325.02,1014
1184128,51.88,325.02,1017
1185648,51.88,325.02,1016
1187169,51.81,324.96,1018
1188688,51.81,324.96,1015
1190209,51.81,324.96,1017
1191730,51.81,324.96,1015
1193249,51.81,324.96,1016
1194770,51.81,324.96,1012
1196291,51.81,324.96,1017
1197810,51.75,324.90,1017
1199331,51.75,324.90,1016
1200851,51.75,324.90,1015
1202371,51.69,324.84,1014
1203892,51.63,324.77,1014
1205412,51.69,324.84,1016
1206932,51.63,324.77,1017
1208453,51.69,324.84,1016
1209972,51.69,324.84,1015
1211493,51.63,324.77,1016
1213014,51.56,324.71,1017
1214533,51.56,324.71,1016
1216054,51.56,324.71,1017
1217573,51.56,324.71,1015
1219094,51.50,324.65,1016
1220615,51.50,324.65,1016
1222134,51.50,324.65,1016
1223655,51.44,324.59,1016
1225175,51.44,324.59,1016
1226695,51.44,324.59,1015
1228216,51.44,324.59,1016
1229735,51.38,324.52,1017
1231256,51.38,324.52,1014
1232777,51.44,324.59,1015
1234296,51.38,324.52,1015
1235817,51.31,324.46,1016
1237337,51.31,324.46,1016
1238857,51.31,324.46,1016
1240378,51.25,324.40,1018
1241897,51.25,324.40,1017
1243418,51.25,324.40,1016
1244938,51.31,324.46,1015
1246458,51.25,324.40,1018
1247978,51.31,324.46,1015
1249499,51.25,324.40,1015
1251018,51.25,324.40,1016
1252539,51.25,324.40,1017
1254059,51.25,324.40,1017
1255579,51.25,324.40,1017
1257099,51.19,324.34,1017
1258619,51.19,324.34,1015
1260139,51.19,324.34,1017
1261660,51.13,324.27,1016
1263179,51.19,324.34,1016
1264699,51.13,324.27,1016
1266220,51.06,324.21,1017
1267739,51.13,324.27,1017
1269260,51.06,324.21,1017
1270779,51.06,324.21,1015
1272300,51.00,324.15,1016
1273820,51.00,324.15,1016
1275339,51.00,324.15,1016
1276860,50.94,324.09,1015
1278380,51.00,324.15,1018
1279900,51.00,324.15,1016
1281420,51.00,324.15,1015
1282939,51.00,324.15,1017
1284460,50.94,324.09,1017
1285980,50.94,324.09,1016
1287500,50.94,324.09,1016
1289020,50.88,324.02,1016
1290541,50.88,324.02,1016
1292060,50.94,324.09,1016
1293580,50.88,324.02,1017
1295100,50.88,324.02,1016
1296620,50.81,323.96,1017
1298140,50.81,323.96,1017
1299660,50.81,323.96,1017
1301180,50.81,323.96,1017
1302700,50.75,323.90,1016
1304220,50.69,323.84,1018
1305740,50.75,323.90,1016
1307259,50.69,323.84,1016
1308780,50.69,323.84,1017
1310300,50.69,323.84,1016
1311819,50.63,323.77,1017
1313340,50.63,323.77,1018
1314860,50.56,323.71,1016
1316379,50.56,323.71,1017
1317899,50.50,323.65,1018
1319419,50.50,323.65,1018
1320939,50.56,323.71,1017
1322459,50.50,323.65,1018
1323979,50.50,323.65,1018
1325499,50.50,323.65,1019
1327019,50.44,323.59,1017
1328539,50.44,323.59,1019
1330059,50.44,323.59,1016
1331578,50.44,323.59,1018
1333099,50.38,323.52,1017
1334619,50.31,323.46,1015
1336138,50.31,323.46,1018
1337658,50.38,323.52,1018
1339177,50.38,323.52,1019
1340698,50.31,323.46,1016
1342218,50.31,323.46,1017
1343737,50.38,323.52,1016
1345257,50.31,323.46,1016
1346777,50.25,323.40,1018
1348296,50.25,323.40,1018
1349817,50.25,323.40,1017
1351336,50.25,323.40,1017
1352856,50.25,323.40,1018
1354376,50.19,323.34,1018
1355895,50.25,323.40,1018
1357415,50.25,323.40,1017
1358935,50.13,323.27,1017
1360454,50.19,323.34,1016
1361975,50.13,323.27,1017
1363494,50.13,323.27,1016
1365014,50.13,323.27,1016
1366534,50.06,323.21,1017
1368053,50.06,323.21,1017
1369573,50.06,323.21,1020
1371092,50.06,323.21,1018
1372612,50.06,323.21,1017
1374132,50.00,323.15,1017
1375651,50.00,323.15,1018
1377171,49.94,323.09,1018
1378691,49.94,323.09,1018
1380211,49.94,323.09,1017
1381731,49.94,323.09,1017
1383250,49.88,323.02,1016
1384770,49.88,323.02,1017
1386290,49.88,323.02,1017
1387809,49.81,322.96,1018
1389329,49.81,322.96,1017
1390849,49.81,322.96,1016
1392368,49.81,322.96,1015
1393888,49.75,322.90,1015
1395407,49.75,322.90,1014
1396927,49.75,322.90,1017
1398447,49.75,322.90,1016
1399966,49.69,322.84,1018
1401486,49.69,322.84,1017
1403005,49.69,322.84,1019
1404525,49.69,322.84,1017
1406045,49.63,322.77,1017
1407564,49.63,322.77,1016
1409083,49.56,322.71,1016
1410603,49.56,322.71,1016
1412122,49.56,322.71,1017
1413642,49.56,322.71,1017
1415161,49.50,322.65,1017
1416681,49.44,322.59,1017
1418201,49.50,322.65,1019
1419720,49.44,322.59,1017
1421240,49.44,322.59,1017
1422759,49.44,322.59,1017
1424279,49.44,322.59,1016
1425798,49.44,322.59,1018
1427317,49.38,322.52,1018
1428837,49.38,322.52,1018
1430356,49.38,322.52,1018
1431876,49.38,322.52,1017
1433396,49.31,322.46,1014
1434915,49.31,322.46,1017
1436434,49.25,322.40,1018
1437954,49.25,322.40,1018
1439473,49.25,322.40,1016
1440993,49.25,322.40,1016
1442512,49.25,322.40,1020
1444032,49.19,322.34,1017
1445552,49.19,322.34,1017
1447070,49.19,322.34,1017
1448590,49.19,322.34,1017
1450109,49.13,322.27,1017
1451629,49.06,322.21,1017
1453148,49.06,322.21,1017
1454667,49.06,322.21,1017
1456187,49.06,322.21,1019
1457707,49.00,322.15,1018
1459226,49.00,322.15,1017
1460746,49.00,322.15,1017
1462264,49.00,322.15,1015
1463784,48.94,322.09,1017
1465304,49.00,322.15,1015
1466822,48.94,322.09,1018
1468342,49.00,322.15,1017
1469861,48.94,322.09,1018
1471381,48.88,322.02,1017
1472900,48.94,322.09,1017
1474419,48.94,322.09,1017
1475939,48.88,322.02,1017
1477457,48.88,322.02,1018
1478977,48.81,321.96,1017
1480497,48.88,322.02,1018
1482015,48.75,321.90,1017
1483535,48.81,321.96,1016
1485053,48.75,321.90,1017
1486573,48.75,321.90,1018
1488093,48.69,321.84,1016
1489611,48.75,321.90,1016
1491131,48.75,321.90,1017
1492651,48.69,321.84,1017
1494169,48.69,321.84,1016
1495689,48.69,321.84,1017
1497208,48.69,321.84,1017
1498727,48.69,321.84,1016
1500247,48.69,321.84,1018
1501765,48.63,321.77,1018
1503285,48.63,321.77,1018
1504804,48.63,321.77,1018
1506323,48.56,321.71,1018
1507843,48.56,321.71,1016
1509361,48.56,321.71,1016
1510881,48.50,321.65,1016
1512400,48.50,321.65,1017
1513919,48.50,321.65,1016
1515439,48.50,321.65,1018
1516957,48.56,321.71,1018
1518477,48.50,321.65,1017
1519995,48.50,321.65,1016
1521515,48.44,321.59,1018
1523034,48.44,321.59,1017
1524553,48.44,321.59,1015
1526073,48.44,321.59,1016
1527591,48.38,321.52,1017
1529111,48.38,321.52,1017
1530630,48.31,321.46,1017
1532149,48.31,321.46,1018
1533668,48.31,321.46,1016
1535187,48.25,321.40,1016
1536706,48.31,321.46,1018
1538226,48.31,321.46,1017
1539744,48.25,321.40,1018
1541264,48.25,321.40,1016
1542782,48.25,321.40,1018
1544302,48.25,321.40,1017
1545821,48.19,321.34,1017
1547340,48.13,321.27,1016
1548859,48.19,321.34,1016
1550379,48.19,321.34,1016
1551897,48.19,321.34,1016
1553416,48.13,321.27,1018
1554935,48.13,321.27,1017
1556454,48.06,321.21,1018
1557974,48.06,321.21,1017
1559492,48.06,321.21,1018
1561012,48.06,321.21,1018
1562530,48.06,321.21,1014
1564049,48.06,321.21,1017
1565569,48.00,321.15,1017
1567087,48.00,321.15,1015
1568607,48.00,321.15,1018
1570125,48.00,321.15,1018
1571644,48.00,321.15,1016
1573164,48.00,321.15,1018
1574682,47.88,321.02,1015
1576201,47.94,321.09,1018
1577720,47.94,321.09,1016
1579239,47.88,321.02,1018
1580758,47.81,320.96,1017
1582277,47.88,321.02,1017
1583796,47.81,320.96,1016
1585314,47.88,321.02,1017
1586834,47.81,320.96,1017
1588353,47.75,320.90,1016
1589871,47.69,320.84,1016
1591391,47.75,320.90,1017
1592909,47.69,320.84,1017
1594428,47.75,320.90,1017
1595947,47.69,320.84,1017
1597466,47.75,320.90,1016
1598985,47.69,320.84,1018
1600503,47.63,320.77,1015
1602023,47.63,320.77,1020
1603542,47.63,320.77,1018
1605060,47.56,320.71,1015
1606579,47.56,320.71,1017
1608098,47.56,320.71,1016
1609617,47.56,320.71,1016
1611136,47.50,320.65,1016
1612654,47.56,320.71,1017
1614173,47.50,320.65,1016
1615692,47.50,320.65,1018
1617211,47.44,320.59,1016
1618729,47.44,320.59,1015
1620248,47.44,320.59,1018
1621767,47.44,320.59,1017
1623285,47.38,320.52,1017
1624805,47.44,320.59,1016
1626323,47.38,320.52,1017
1627842,47.38,320.52,1017
1629361,47.38,320.52,1017
1630879,47.31,320.46,1016
1632398,47.31,320.46,1017
1633917,47.31,320.46,1017
1635436,47.31,320.46,1017
1636955,47.31,320.46,1015
1638473,47.25,320.40,1017
1639992,47.25,320.40,1016
1641510,47.19,320.34,1017
1643029,47.25,320.40,1015
1644548,47.19,320.34,1017
1646067,47.19,320.34,1017
1647586,47.19,320.34,1017
1649104,47.13,320.27,1016
1650623,47.13,320.27,1018
1652142,47.13,320.27,1017
1653660,47.13,320.27,1016
1655179,47.13,320.27,1017
1656698,47.06,320.21,1016
1658217,47.06,320.21,1016
1659736,47.00,320.15,1017
1661254,47.00,320.15,1017
1662773,47.06,320.21,1016
1664291,46.94,320.09,1016
1665810,47.00,320.15,1018
1667329,46.94,320.09,1016
1668847,46.94,320.09,1020
1670366,46.94,320.09,1016
1671884,46.94,320.09,1017
1673403,46.94,320.09,1018
1674921,46.88,320.02,1017
1676440,46.88,320.02,1014
1677959,46.81,319.96,1018
1679477,46.81,319.96,1017
1680996,46.81,319.96,1016
1682514,46.81,319.96,1016
1684033,46.81,319.96,1017
1685552,46.81,319.96,1019
1687070,46.75,319.90,1017
1688589,46.75,319.90,1016
1690107,46.75,319.90,1014
1691626,46.75,319.90,1016
1693145,46.69,319.84,1016
1694663,46.75,319.90,1015
1696182,46.69,319.84,1016
1697700,46.69,319.84,1016
1699219,46.69,319.84,1017
1700738,46.69,319.84,1016
1702256,46.63,319.77,1017
1703775,46.63,319.77,1016
1705293,46.56,319.71,1017
1706812,46.56,319.71,1016
1708331,46.56,319.71,1016
1709848,46.56,319.71,1017
1711367,46.56,319.71,1017
1712885,46.50,319.65,1016
1714404,46.50,319.65,1017
1715922,46.44,319.59,1016
1717441,46.44,319.59,1015
1718960,46.38,319.52,1015
1720478,46.44,319.59,1017
1721996,46.38,319.52,1016
1723514,46.38,319.52,1017
1725033,46.31,319.46,1015
1726552,46.38,319.52,1015
1728070,46.38,319.52,1015
1729589,46.38,319.52,1016
1731107,46.31,319.46,1016
1732626,46.38,319.52,1017
1734144,46.31,319.46,1016
1735662,46.25,319.40,1015
1737181,46.25,319.40,1018
1738699,46.25,319.40,1016
1740218,46.25,319.40,1016
1741736,46.19,319.34,1017
1743255,46.25,319.40,1013
1744773,46.19,319.34,1016
1746291,46.19,319.34,1015
1747810,46.13,319.27,1015
1749328,46.13,319.27,1019
1750847,46.13,319.27,1015
1752365,46.06,319.21,1016
1753883,46.06,319.21,1018
1755402,46.06,319.21,1018
1756920,46.00,319.15,1015
1758438,46.06,319.21,1015
1759956,46.00,319.15,1017
1761475,45.94,319.09,1016
1762993,46.00,319.15,1015
1764511,45.94,319.09,1017
1766030,45.88,319.02,1018
1767548,45.88,319.02,1017
1769066,45.88,319.02,1015
1770585,45.88,319.02,1017
1772103,45.88,319.02,1017
1773621,45.88,319.02,1016
1775139,45.81,318.96,1016
1776658,45.81,318.96,1016
1778176,45.75,318.90,1016
1779694,45.75,318.90,1014
1781213,45.75,318.90,1012
1782730,45.75,318.90,1017
1784249,45.75,318.90,1015
1785767,45.69,318.84,1016
1787285,45.69,318.84,1014
1788804,45.69,318.84,1016
1790321,45.69,318.84,1016
1791840,45.63,318.77,1019
1793358,45.63,318.77,1016
1794876,45.63,318.77,1019
1796395,45.63,318.77,1017
1797913,45.56,318.71,1016
1799431,45.50,318.65,1018
1800949,45.56,318.71,1016
1802467,45.56,318.71,1013
1803985,45.50,318.65,1017
1805503,45.50,318.65,1016
1807022,45.50,318.65,1014
1808540,45.50,318.65,1015
1810058,45.50,318.65,1016
1811576,45.44,318.59,1016
1813094,45.50,318.65,1015
1814612,45.44,318.59,1017
1816130,45.38,318.52,1016
1817649,45.38,318.52,1019
1819166,45.38,318.52,1016
1820685,45.38,318.52,1016
1822203,45.31,318.46,1015
1823721,45.31,318.46,1017
1825240,45.25,318.40,1015
1826757,45.25,318.40,1017
1828276,45.25,318.40,1019
1829793,45.25,318.40,1015
1831311,45.25,318.40,1019
1832829,45.25,318.40,1015
1834347,45.19,318.34,1016
1835866,45.19,318.34,1016
1837383,45.19,318.34,1016
1838902,45.13,318.27,1017
1840419,45.13,318.27,1018
1841938,45.06,318.21,1016
1843456,45.13,318.27,1017
1844974,45.00,318.15,1016
1846492,45.06,318.21,1017
1848010,45.00,318.15,1017
1849528,45.00,318.15,1016
1851045,44.94,318.09,1015
1852564,44.94,318.09,1017
1854082,44.94,318.09,1015
1855600,44.94,318.09,1016
1857118,44.88,318.02,1016
1858635,44.94,318.09,1015
1860154,44.94,318.09,1016
1861671,44.88,318.02,1016
1863190,44.81,317.96,1016
1864708,44.88,318.02,1016
1866225,44.88,318.02,1017
1867744,44.81,317.96,1015
1869261,44.81,317.96,1017
1870779,44.81,317.96,1017
1872297,44.75,317.90,1017
1873815,44.75,317.90,1017
1875333,44.75,317.90,1018
1876851,44.75,317.90,1016
1878369,44.75,317.90,1018
1879886,44.69,317.84,1016
1881404,44.75,317.90,1016
1882923,44.63,317.77,1017
1884440,44.63,317.77,1018
1885958,44.69,317.84,1016
1887476,44.63,317.77,1016
1888994,44.63,317.77,1016
1890511,44.63,317.77,1016
1892029,44.63,317.77,1018
1893548,44.56,317.71,1016
1895065,44.56,317.71,1017
1896583,44.56,317.71,1016
1898101,44.56,317.71,1017
1899619,44.50,317.65,1017
1901136,44.50,317.65,1016
1902654,44.44,317.59,1017
1904172,44.50,317.65,1016
1905690,44.50,317.65,1017
1907208,44.44,317.59,1016
1908725,44.44,317.59,1017
1910243,44.44,317.59,1016
1911761,44.44,317.59,1016
1913279,44.44,317.59,1017
1914797,44.44,317.59,1017
1916314,44.38,317.52,1017
1917832,44.38,317.52,1016
1919349,44.38,317.52,1015
1920868,44.38,317.52,1015
1922385,44.31,317.46,1016
1923903,44.38,317.52,1018
1925421,44.31,317.46,1016
1926938,44.31,317.46,1015
1928457,44.31,317.46,1017
1929974,44.31,317.46,1015
1931492,44.25,317.40,1016
1933009,44.25,317.40,1018
1934527,44.19,317.34,1016
1936045,44.25,317.40,1016
1937562,44.25,317.40,1017
1939080,44.19,317.34,1016
1940598,44.13,317.27,1017
1942116,44.19,317.34,1015
1943633,44.13,317.27,1015
1945151,44.13,317.27,1016
1946669,44.06,317.21,1017
1948186,44.06,317.21,1014
1949704,44.06,317.21,1016
1951221,44.06,317.21,1014
1952740,44.00,317.15,1015
1954257,44.00,317.15,1016
1955775,44.00,317.15,1017
1957293,43.94,317.09,1014
1958810,43.94,317.09,1017
1960328,43.88,317.02,1016
1961845,43.81,316.96,1017
1963363,43.81,316.96,1015
1964880,43.81,316.96,1014
1966397,43.75,316.90,1016
1967915,43.75,316.90,1016
1969432,43.69,316.84,1017
1970950,43.69,316.84,1017
1972467,43.63,316.77,1016
1973985,43.63,316.77,1017
1975502,43.56,316.71,1015
1977020,43.56,316.71,1015
1978537,43.63,316.77,1016
1980055,43.56,316.71,1015
1981573,43.56,316.71,1015
1983090,43.50,316.65,1014
1984608,43.50,316.65,1014
1986124,43.50,316.65,1016
1987642,43.44,316.59,1017
1989159,43.50,316.65,1018
1990677,43.38,316.52,1015
1992195,43.44,316.59,1016
1993712,43.38,316.52,1017
1995230,43.38,316.52,1017
1996747,43.38,316.52,1018
1998264,43.38,316.52,1016
1999781,43.38,316.52,1015
2001299,43.38,316.52,1015
2002817,43.31,316.46,1016
2004334,43.31,316.46,1019
2005852,43.31,316.46,1017
2007369,43.31,316.46,1016
2008887,43.25,316.40,1017
2010403,43.25,316.40,1020
2011921,43.25,316.40,1018
2013438,43.25,316.40,1017
2014956,43.13,316.27,1019
2016474,43.13,316.27,1020
2017990,43.19,316.34,1020
2019508,43.19,316.34,1017
2021025,43.06,316.21,1018
2022543,43.13,316.27,1020
2024060,43.06,316.21,1018
2025578,43.06,316.21,1018
2027095,43.06,316.21,1016
2028612,43.06,316.21,1018
2030130,43.00,316.15,1019
2031647,43.06,316.21,1019
2033164,43.06,316.21,1017
2034681,43.06,316.21,1018
2036199,43.00,316.15,1018
2037716,43.00,316.15,1018
2039233,42.94,316.09,1020
2040751,43.00,316.15,1020
2042268,42.94,316.09,1018
2043785,42.94,316.09,1016
2045302,42.94,316.09,1017
2046820,42.94,316.09,1019
2048336,42.94,316.09,1019
2049854,42.88,316.02,1017
2051372,42.88,316.02,1017
2052889,42.81,315.96,1018
2054406,42.81,315.96,1018
2055923,42.81,315.96,1020
2057441,42.81,315.96,1019
2058957,42.75,315.90,1019
2060475,42.81,315.96,1018
2061992,42.81,315.96,1018
2063509,42.75,315.90,1019
2065027,42.75,315.90,1018
2066544,42.75,315.90,1019
2068061,42.69,315.84,1018
2069578,42.69,315.84,1017
2071095,42.69,315.84,1017
2072612,42.63,315.77,1017
2074130,42.69,315.84,1017
2075646,42.63,315.77,1019
2077164,42.63,315.77,1018
2078682,42.56,315.71,1017
2080198,42.56,315.71,1018
2081716,42.63,315.77,1018
2083232,42.50,315.65,1016
2084750,42.56,315.71,1016
2086266,42.50,315.65,1018
2087784,42.50,315.65,1019
2089302,42.50,315.65,1018
2090818,42.50,315.65,1015
2092336,42.50,315.65,1016
2093852,42.44,315.59,1018
2095370,42.44,315.59,1018
2096886,42.38,315.52,1015
2098404,42.38,315.52,1018
2099921,42.38,315.52,1017
2101438,42.38,315.52,1018
2102956,42.31,315.46,1018
2104472,42.38,315.52,1017
2105990,42.31,315.46,1019
2107506,42.31,315.46,1018
2109024,42.31,315.46,1017
2110540,42.31,315.46,1018
2112058,42.31,315.46,1018
2113574,42.25,315.40,1020
2115092,42.25,315.40,1018
2116609,42.25,315.40,1017
2118126,42.25,315.40,1018
2119643,42.25,315.40,1019
2121160,42.25,315.40,1015
2122677,42.25,315.40,1019
2124194,42.31,315.46,1018
2125711,42.19,315.34,1017
2127228,42.19,315.34,1018
2128745,42.19,315.34,1018
2130263,42.19,315.34,1018
2131779,42.19,315.34,1017
2133297,42.13,315.27,1019
2134813,42.13,315.27,1018
2136331,42.13,315.27,1016
2137847,42.06,315.21,1018
2139364,42.06,315.21,1019
2140881,42.00,315.15,1016
2142398,41.94,315.09,1017
2143916,42.00,315.15,1018
2145432,41.94,315.09,1018
2146950,41.94,315.09,1018
2148466,41.94,315.09,1017
2149983,41.88,315.02,1018
2151500,41.88,315.02,1018
2153017,41.88,315.02,1019
2154534,41.81,314.96,1019
2156051,41.88,315.02,1017
2157568,41.88,315.02,1018
2159085,41.81,314.96,1018
2160602,41.81,314.96,1018
2162119,41.88,315.02,1018
2163636,41.88,315.02,1018
2165152,41.88,315.02,1018
2166670,41.81,314.96,1016
2168186,41.88,315.02,1018
2169703,41.81,314.96,1018
2171220,41.81,314.96,1018
2172737,41.81,314.96,1017
2174254,41.81,314.96,1019
2175771,41.75,314.90,1018
2177288,41.81,314.96,1017
2178805,41.75,314.90,1017
2180322,41.81,314.96,1018
2181838,41.81,314.96,1018
2183356,41.81,314.96,1018
2184872,41.75,314.90,1017
2186389,41.81,314.96,1018
2187907,41.75,314.90,1017
2189423,41.75,314.90,1018
2190940,41.69,314.84,1018
2192457,41.69,314.84,1017
2193974,41.69,314.84,1018
2195490,41.63,314.77,1018
2197008,41.69,314.84,1018
2198524,41.63,314.77,1019
2200041,41.63,314.77,1019
2201558,41.63,314.77,1017
2203075,41.56,314.71,1018
2204592,41.63,314.77,1018
2206109,41.63,314.77,1019
2207626,41.63,314.77,1017
2209142,41.56,314.71,1017
2210659,41.50,314.65,1018
2212176,41.56,314.71,1018
2213693,41.50,314.65,1018
2215209,41.50,314.65,1017
2216726,41.50,314.65,1017
2218244,41.50,314.65,1017
2219760,41.50,314.65,1018
2221277,41.50,314.65,1017
2222793,41.44,314.59,1017
2224310,41.50,314.65,1019
2225827,41.44,314.59,1018
2227344,41.50,314.65,1018
2228860,41.44,314.59,1017
2230377,41.44,314.59,1019
2231895,41.44,314.59,1018
2233411,41.38,314.52,1016
2234928,41.38,314.52,1018
2236444,41.38,314.52,1017
2237962,41.38,314.52,1018
2239478,41.31,314.46,1018
2240995,41.31,314.46,1018
2242511,41.31,314.46,1017
2244028,41.31,314.46,1017
2245545,41.31,314.46,1017
2247062,41.25,314.40,1018
2248579,41.25,314.40,1018
2250095,41.25,314.40,1017
2251612,41.19,314.34,1019
2253128,41.25,314.40,1017
2254646,41.19,314.34,1018
2256162,41.19,314.34,1018
2257679,41.19,314.34,1019
2259195,41.19,314.34,1018
2260712,41.19,314.34,1020
2262230,41.19,314.34,1019
2263746,41.19,314.34,1017
2265263,41.13,314.27,1017
2266779,41.13,314.27,1018
2268296,41.13,314.27,1019
2269812,41.13,314.27,1017
2271330,41.13,314.27,1017
2272846,41.06,314.21,1019
2274363,41.06,314.21,1017
2275879,41.06,314.21,1019
2277396,41.06,314.21,1018
2278913,41.00,314.15,1018
2280429,41.00,314.15,1019
2281946,41.00,314.15,1019
2283462,41.00,314.15,1018
2284980,41.00,314.15,1019
2286496,41.00,314.15,1018
2288013,40.94,314.09,1018
2289529,40.94,314.09,1019
2291046,40.94,314.09,1017
2292562,40.94,314.09,1019
2294079,40.88,314.02,1018
2295596,40.94,314.09,1018
2297112,40.88,314.02,1018
2298629,40.94,314.09,1019
2300145,40.88,314.02,1016
2301663,40.88,314.02,1015
2303179,40.81,313.96,1019
2304696,40.81,313.96,1019
2306212,40.81,313.96,1018
2307729,40.81,313.96,1018
2309245,40.75,313.90,1018
2310762,40.75,313.90,1017
2312279,40.75,313.90,1016
2313795,40.81,313.96,1017
2315312,40.75,313.90,1018
2316829,40.75,313.90,1018
2318346,40.75,313.90,1017
2319862,40.69,313.84,1018
2321379,40.69,313.84,1010
2322895,40.69,313.84,1018
2324412,40.69,313.84,1019
2325928,40.69,313.84,1018
2327445,40.69,313.84,1019
2328962,40.63,313.77,1017
2330478,40.56,313.71,1018
2331995,40.63,313.77,1018
2333511,40.69,313.84,1017
2335028,40.56,313.71,1017
2336544,40.63,313.77,1020
2338061,40.56,313.71,1019
2339577,40.56,313.71,1016
2341094,40.56,313.71,1018
2342611,40.50,313.65,1017
2344128,40.63,313.77,1021
2345645,40.50,313.65,1018
2347161,40.56,313.71,1017
2348677,40.56,313.71,1017
2350193,40.56,313.71,1018
2351710,40.50,313.65,1016
2353226,40.50,313.65,1018
2354743,40.44,313.59,1017
2356259,40.50,313.65,1018
2357776,40.50,313.65,1019
2359292,40.44,313.59,1018
2360809,40.44,313.59,1018
2362326,40.44,313.59,1018
2363842,40.38,313.52,1016
2365359,40.38,313.52,1022
2366875,40.31,313.46,1018
2368392,40.38,313.52,1017
2369908,40.38,313.52,1017
2371425,40.38,313.52,1018
2372941,40.31,313.46,1018
2374458,40.31,313.46,1018
2375974,40.25,313.40,1017
2377491,40.25,313.40,1017
2379008,40.25,313.40,1017
2380524,40.25,313.40,1018
2382040,40.25,313.40,1018
2383556,40.25,313.40,1017
2385073,40.25,313.40,1016
2386589,40.25,313.40,1016
2388106,40.25,313.40,1018
2389622,40.19,313.34,1019
2391139,40.19,313.34,1016
2392655,40.25,313.40,1017
2394172,40.19,313.34,1018
2395687,40.19,313.34,1018
2397204,40.13,313.27,1017
2398721,40.19,313.34,1017
2400237,40.19,313.34,1016
2401754,40.13,313.27,1017
2403270,40.06,313.21,1017
2404786,40.13,313.27,1020
2406302,40.06,313.21,1017
2407819,40.06,313.21,1017
2409335,40.06,313.21,1017
2410852,40.06,313.21,1017
2412368,40.06,313.21,1017
2413884,40.00,313.15,1018
2415400,40.00,313.15,1018
2416917,40.00,313.15,1018
2418434,40.00,313.15,1018
2419950,40.00,313.15,1018
2421466,40.00,313.15,1017
2422982,40.00,313.15,1018
2424499,40.00,313.15,1016
2426015,40.00,313.15,1016
2427532,39.94,313.09,1018
2429047,39.94,313.09,1018
2430564,40.00,313.15,1017
2432080,39.94,313.09,1017
2433597,39.88,313.02,1016
2435113,39.88,313.02,1018
2436629,39.88,313.02,1018
2438146,39.88,313.02,1017
2439662,39.81,312.96,1018
2441179,39.88,313.02,1017
2442694,39.81,312.96,1015
2444211,39.81,312.96,1018
2445727,39.81,312.96,1017
2447244,39.81,312.96,1017
2448760,39.75,312.90,1019
2450276,39.75,312.90,1016
2451792,39.75,312.90,1017
2453309,39.75,312.90,1018
2454825,39.69,312.84,1018
2456341,39.69,312.84,1018
2457858,39.69,312.84,1018
2459374,39.63,312.77,1017
2460891,39.69,312.84,1019
2462406,39.69,312.84,1017
2463923,39.69,312.84,1016
2465439,39.69,312.84,1016
2466956,39.69,312.84,1016
2468471,39.69,312.84,1018
2469988,39.63,312.77,1018
2471504,39.69,312.84,1017
2473021,39.63,312.77,1016
2474536,39.56,312.71,1018
2476053,39.63,312.77,1017
2477570,39.56,312.71,1017
2479086,39.56,312.71,1017
2480602,39.56,312.71,1016
2482118,39.56,312.71,1017
2483635,39.50,312.65,1017
2485150,39.50,312.65,1016
2486667,39.50,312.65,1017
2488183,39.50,312.65,1018
2489700,39.50,312.65,1018
2491215,39.44,312.59,1017
2492732,39.50,312.65,1017
2494248,39.50,312.65,1017
2495764,39.50,312.65,1017
2497281,39.50,312.65,1018
2498797,39.44,312.59,1018
2500313,39.44,312.59,1017
2501829,39.44,312.59,1018
2503346,39.38,312.52,1018
2504861,39.38,312.52,1017
2506378,39.44,312.59,1018
2507894,39.44,312.59,1018
2509410,39.38,312.52,1018
2510926,39.38,312.52,1016
2512442,39.38,312.52,1018
2513958,39.31,312.46,1017
2515475,39.38,312.52,1017
2516990,39.31,312.46,1017
2518507,39.38,312.52,1016
2520024,39.25,312.40,1013
2521539,39.31,312.46,1008
2523056,39.31,312.46,1018
2524572,39.31,312.46,1016
2526088,39.25,312.40,1017
2527604,39.25,312.40,1017
2529120,39.25,312.40,1017
2530636,39.25,312.40,1017
2532153,39.25,312.40,1018
2533668,39.19,312.34,1017
2535185,39.19,312.34,1015
2536700,39.19,312.34,1017
2538217,39.13,312.27,1016
2539734,39.19,312.34,1018
2541249,39.19,312.34,1018
2542766,39.19,312.34,1018
2544281,39.19,312.34,1018
2545798,39.13,312.27,1017
2547313,39.13,312.27,1017
2548830,39.13,312.27,1018
2550346,39.13,312.27,1016
2551862,39.13,312.27,1017
2553378,39.06,312.21,1017
2554894,39.13,312.27,1018
2556410,39.06,312.21,1017
2557926,39.06,312.21,1016
2559442,39.06,312.21,1017
2560959,39.06,312.21,1017
2562475,39.00,312.15,1017
2563991,39.06,312.21,1018
2565507,39.00,312.15,1018
2567023,39.00,312.15,1017
2568539,39.00,312.15,1017
2570055,39.00,312.15,1018
2571571,39.00,312.15,1017
2573087,38.94,312.09,1017
2574603,38.94,312.09,1017
2576119,38.94,312.09,1016
2577635,38.94,312.09,1016
2579151,38.94,312.09,1017
2580667,38.88,312.02,1018
2582183,38.88,312.02,1017
2583699,38.88,312.02,1017
2585216,38.88,312.02,1019
2586731,38.88,312.02,1018
2588248,38.88,312.02,1017
2589763,38.88,312.02,1017
2591280,38.88,312.02,1018
2592795,38.88,312.02,1017
2594312,38.88,312.02,1017
2595827,38.88,312.02,1017
2597344,38.88,312.02,1017
2598859,38.81,311.96,1016
2600376,38.88,312.02,1017
2601891,38.88,312.02,1017
2603408,38.81,311.96,1018
2604923,38.88,312.02,1020
2606439,38.81,311.96,1018
2607955,38.75,311.90,1018
2609471,38.75,311.90,1018
2610988,38.69,311.84,1018
2612503,38.69,311.84,1017
2614020,38.69,311.84,1018
2615535,38.63,311.77,1018
2617052,38.69,311.84,1017
2618567,38.69,311.84,1017
2620084,38.63,311.77,1017
2621599,38.63,311.77,1017
2623116,38.63,311.77,1017
2624631,38.63,311.77,1018
2626147,38.63,311.77,1017
2627663,38.56,311.71,1018
2629179,38.63,311.77,1015
2630695,38.56,311.71,1017
2632211,38.56,311.71,1017
2633728,38.56,311.71,1017
2635243,38.50,311.65,1017
2636760,38.56,311.71,1018
2638275,38.50,311.65,1017
2639791,38.56,311.71,1019
2641307,38.50,311.65,1019
2642823,38.56,311.71,1018
2644339,38.56,311.71,1018
2645855,38.50,311.65,1018
2647371,38.50,311.65,1018
2648887,38.50,311.65,1018
2650402,38.50,311.65,1017
2651919,38.50,311.65,1018
2653434,38.44,311.59,1017
2654950,38.44,311.59,1018
2656466,38.38,311.52,1019
2657982,38.38,311.52,1017
2659497,38.44,311.59,1018
2661014,38.44,311.59,1019
2662530,38.38,311.52,1018
2664046,38.31,311.46,1018
2665562,38.38,311.52,1018
2667077,38.38,311.52,1017
2668594,38.31,311.46,1017
2670109,38.31,311.46,1018
2671625,38.38,311.52,1019
2673141,38.38,311.52,1018
2674657,38.31,311.46,1019
2676173,38.25,311.40,1017
2677689,38.31,311.46,1017
2679204,38.31,311.46,1018
2680721,38.31,311.46,1017
2682236,38.31,311.46,1017
2683752,38.31,311.46,1018
2685268,38.31,311.46,1017
2686784,38.31,311.46,1017
2688300,38.31,311.46,1020
2689816,38.25,311.40,1018
2691332,38.19,311.34,1017
2692847,38.19,311.34,1018
2694363,38.25,311.40,1019
2695879,38.19,311.34,1018
2697395,38.13,311.27,1018
2698910,38.19,311.34,1017
2700427,38.19,311.34,1017
2701942,38.19,311.34,1019
2703458,38.19,311.34,1017
2704974,38.19,311.34,1019
2706490,38.13,311.27,1018
2708005,38.13,311.27,1018
2709521,38.13,311.27,1019
2711037,38.19,311.34,1018
2712553,38.19,311.34,1017
2714068,38.06,311.21,1018
2715584,38.06,311.21,1018
2717101,38.06,311.21,1017
2718616,38.06,311.21,1017
2720132,38.06,311.21,1018
2721647,38.06,311.21,1019
2723164,38.00,311.15,1018
2724679,38.06,311.21,1017
2726195,38.13,311.27,1018
2727710,38.06,311.21,1016
2729227,38.06,311.21,1016
2730742,38.00,311.15,1018
2732258,38.06,311.21,1017
2733773,38.00,311.15,1018
2735290,38.00,311.15,1019
2736805,37.94,311.09,1019
2738321,38.00,311.15,1018
2739836,38.00,311.15,1017
2741352,38.00,311.15,1018
2742868,38.00,311.15,1017
2744384,37.94,311.09,1018
2745900,37.94,311.09,1019
2747415,37.94,311.09,1018
2748931,37.88,311.02,1018
2750447,37.81,310.96,1018
2751963,37.88,311.02,1018
2753478,37.88,311.02,1018
2754994,37.88,311.02,1017
2756509,37.81,310.96,1019
2758025,37.81,310.96,1017
2759541,37.81,310.96,1017
2761057,37.81,310.96,1018
2762572,37.81,310.96,1017
2764088,37.81,310.96,1019
2765603,37.81,310.96,1017
2767120,37.75,310.90,1017
2768635,37.75,310.90,1018
2770151,37.75,310.90,1018
2771666,37.75,310.90,1017
2773182,37.75,310.90,1018
2774697,37.75,310.90,1018
2776213,37.75,310.90,1017
2777730,37.69,310.84,1019
2779245,37.75,310.90,1017
2780761,37.69,310.84,1016
2782276,37.69,310.84,1019
2783792,37.69,310.84,1018
2785307,37.63,310.77,1017
2786823,37.69,310.84,1017
2788339,37.63,310.77,1018
2789855,37.69,310.84,1018
2791370,37.63,310.77,1018
2792886,37.63,310.77,1019
2794401,37.63,310.77,1017
2795917,37.63,310.77,1017
2797432,37.56,310.71,1016
2798949,37.63,310.77,1020
2800464,37.63,310.77,1017
2801980,37.56,310.71,1016
2803495,37.63,310.77,1017
2805011,37.63,310.77,1017
2806526,37.56,310.71,1019
2808042,37.56,310.71,1017
2809558,37.56,310.71,1017
2811073,37.56,310.71,1016
2812590,37.56,310.71,1016
2814105,37.56,310.71,1016
2815621,37.50,310.65,1018
2817136,37.50,310.65,1018
2818652,37.50,310.65,1020
2820167,37.50,310.65,1018
2821683,37.50,310.65,1018
2823198,37.50,310.65,1018
2824714,37.50,310.65,1018
2826230,37.50,310.65,1019
2827746,37.50,310.65,1017
2829261,37.38,310.52,1019
2830777,37.38,310.52,1017
2832292,37.38,310.52,1017
2833808,37.44,310.59,1018
2835323,37.38,310.52,1017
2836839,37.44,310.59,1016
2838354,37.44,310.59,1017
2839870,37.44,310.59,1019
2841385,37.44,310.59,1018
2842901,37.44,310.59,1018
2844418,37.38,310.52,1018
2845933,37.38,310.52,1016
2847449,37.38,310.52,1018
2848964,37.38,310.52,1017
2850480,37.38,310.52,1019
2851995,37.31,310.46,1018
2853511,37.25,310.40,1016
2855026,37.25,310.40,1017
2856542,37.31,310.46,1019
2858057,37.31,310.46,1018
2859573,37.31,310.46,1018
2861088,37.38,310.52,1017
2862604,37.25,310.40,1018
2864119,37.31,310.46,1019
2865635,37.25,310.40,1018
2867150,37.25,310.40,1018
2868666,37.25,310.40,1019
2870181,37.25,310.40,1018
2871697,37.25,310.40,1018
2873212,37.25,310.40,1020
2874728,37.25,310.40,1017
2876243,37.25,310.40,1018
2877759,37.19,310.34,1018
2879275,37.19,310.34,1017
2880791,37.25,310.40,1017
2882306,37.19,310.34,1020
2883822,37.13,310.27,1016
2885338,37.13,310.27,1017
2886853,37.19,310.34,1016
2888369,37.19,310.34,1017
2889884,37.13,310.27,1020
2891400,37.13,310.27,1018
2892915,37.19,310.34,1016
2894431,37.06,310.21,1018
2895945,37.13,310.27,1017
2897462,37.13,310.27,1019
2898977,37.13,310.27,1017
2900493,37.13,310.27,1018
2902007,37.06,310.21,1017
2903523,37.00,310.15,1017
2905039,37.00,310.15,1017
2906554,37.00,310.15,1018
2908069,37.00,310.15,1018
2909585,37.06,310.21,1016
2911100,37.06,310.21,1018
2912616,37.06,310.21,1020
2914131,37.06,310.21,1019
2915647,37.06,310.21,1019
2917163,37.00,310.15,1018
2918678,37.00,310.15,1020
2920194,36.94,310.09,1016
2921709,36.94,310.09,1018
2923225,36.94,310.09,1017
2924740,37.00,310.15,1018
2926256,37.00,310.15,1017
2927770,36.94,310.09,1018
2929286,36.94,310.09,1017
2930801,36.94,310.09,1019
2932317,36.94,310.09,1018
2933832,36.94,310.09,1016
2935348,36.94,310.09,1018
2936863,36.88,310.02,1018
2938379,36.88,310.02,1019
2939894,36.94,310.09,1018
2941410,36.88,310.02,1018
2942925,36.88,310.02,1019
2944440,36.88,310.02,1018
2945955,36.88,310.02,1019
2947471,36.81,309.96,1018
2948986,36.88,310.02,1018
2950502,36.81,309.96,1019
2952017,36.81,309.96,1018
2953533,36.81,309.96,1018
2955047,36.88,310.02,1018
2956563,36.81,309.96,1019
2958078,36.75,309.90,1018
2959594,36.75,309.90,1019
2961110,36.69,309.84,1019
2962625,36.75,309.90,1018
2964141,36.75,309.90,1016
2965656,36.75,309.90,1018
2967172,36.75,309.90,1017
2968687,36.75,309.90,1019
2970202,36.75,309.90,1018
2971717,36.75,309.90,1017
2973233,36.69,309.84,1019
2974748,36.69,309.84,1016
2976264,36.69,309.84,1018
2977779,36.69,309.84,1019
2979294,36.69,309.84,1019
2980809,36.63,309.77,1019
2982325,36.63,309.77,1018
2983840,36.69,309.84,1018
2985356,36.63,309.77,1021
2986871,36.63,309.77,1017
2988387,36.63,309.77,1019
2989901,36.63,309.77,1017
2991417,36.63,309.77,1018
2992932,36.56,309.71,1020
2994448,36.56,309.71,1018
2995963,36.63,309.77,1018
2997479,36.56,309.71,1016
2998994,36.56,309.71,1020
3000509,36.56,309.71,1018
3002024,36.56,309.71,1019
3003540,36.56,309.71,1019
3005056,36.56,309.71,1018
3006571,36.56,309.71,1018
3008087,36.56,309.71,1018
3009602,36.50,309.65,1019
3011117,36.50,309.65,1018
3012632,36.50,309.65,1021
3014148,36.44,309.59,1019
3015663,36.50,309.65,1018
3017179,36.44,309.59,1019
3018693,36.50,309.65,1019
3020209,36.44,309.59,1016
3021724,36.50,309.65,1015
3023240,36.44,309.59,1017
3024754,36.44,309.59,1016
3026270,36.38,309.52,1017
3027785,36.44,309.59,1018
3029301,36.44,309.59,1018
3030816,36.44,309.59,1018
3032331,36.44,309.59,1016
3033846,36.38,309.52,1017
3035362,36.38,309.52,1017
3036877,36.38,309.52,1017
3038392,36.38,309.52,1020
3039907,36.38,309.52,1017
3041423,36.31,309.46,1018
3042938,36.31,309.46,1018
3044454,36.38,309.52,1016
3045968,36.38,309.52,1018
3047484,36.38,309.52,1019
3048999,36.31,309.46,1016
3050515,36.31,309.46,1018
3052029,36.38,309.52,1018
3053545,36.31,309.46,1018
3055060,36.25,309.40,1018
3056576,36.31,309.46,1016
3058091,36.31,309.46,1018
3059606,36.25,309.40,1020
3061122,36.31,309.46,1017
3062636,36.31,309.46,1017
3064152,36.31,309.46,1019
3065667,36.31,309.46,1017
3067183,36.25,309.40,1016
3068697,36.25,309.40,1017
3070213,36.25,309.40,1018
3071728,36.19,309.34,1017
3073243,36.19,309.34,1017
3074758,36.19,309.34,1016
3076274,36.19,309.34,1019
3077789,36.25,309.40,1016
3079304,36.19,309.34,1018
3080819,36.19,309.34,1015
3082335,36.19,309.34,1017
3083849,36.13,309.27,1018
3085365,36.13,309.27,1018
3086880,36.06,309.21,1017
3088396,36.13,309.27,1016
3089910,36.13,309.27,1016
3091426,36.13,309.27,1017
3092941,36.06,309.21,1017
3094456,36.13,309.27,1018
3095971,36.13,309.27,1017
3097487,36.13,309.27,1017
3099002,36.13,309.27,1017
3100517,36.13,309.27,1023
3102032,36.06,309.21,1016
3103548,36.00,309.15,1017
3105063,36.00,309.15,1015
3106578,36.00,309.15,1016
3108093,36.00,309.15,1017
3109609,36.00,309.15,1017
3111123,36.00,309.15,1017
3112639,36.00,309.15,1015
3114155,36.06,309.21,1017
3115669,36.06,309.21,1016
3117185,36.06,309.21,1016
3118700,36.06,309.21,1016
3120216,36.00,309.15,1015
3121730,36.00,309.15,1018
3123246,36.06,309.21,1016
3124761,35.94,309.09,1015
3126276,35.94,309.09,1018
3127791,35.94,309.09,1017
3129307,35.94,309.09,1019
3130821,36.00,309.15,1016
3132337,35.88,309.02,1016
3133852,35.94,309.09,1018
3135367,35.88,309.02,1018
3136882,35.94,309.09,1017
3138398,35.94,309.09,1017
3139913,35.94,309.09,1016
3141428,35.88,309.02,1016
3142943,35.88,309.02,1018
3144459,35.94,309.09,1018
3145973,35.88,309.02,1016
3147489,35.94,309.09,1017
3149004,35.94,309.09,1017
3150519,35.88,309.02,1017
3152034,35.88,309.02,1015
3153550,35.88,309.02,1017
3155064,35.88,309.02,1018
3156580,35.88,309.02,1016
3158095,35.88,309.02,1018
3159610,35.88,309.02,1015
3161125,35.88,309.02,1016
3162640,35.81,308.96,1016
3164155,35.81,308.96,1016
3165671,35.88,309.02,1016
3167185,35.81,308.96,1018
3168701,35.75,308.90,1019
3170216,35.81,308.96,1017
3171731,35.81,308.96,1017
3173246,35.81,308.96,1016
3174761,35.81,308.96,1015
3176276,35.75,308.90,1016
3177792,35.81,308.96,1016
3179307,35.81,308.96,1017
3180822,35.75,308.90,1016
3182337,35.75,308.90,1017
3183852,35.75,308.90,1017
3185367,35.75,308.90,1017
3186882,35.69,308.84,1017
3188398,35.69,308.84,1016
3189912,35.69,308.84,1016
3191428,35.69,308.84,1019
3192942,35.69,308.84,1017
3194458,35.69,308.84,1021
3195973,35.63,308.77,1015
3197488,35.69,308.84,1017
3199003,35.69,308.84,1017
3200518,35.69,308.84,1016
3202033,35.63,308.77,1017
3203548,35.63,308.77,1016
3205063,35.63,308.77,1016
3206579,35.63,308.77,1017
3208093,35.63,308.77,1014
3209609,35.56,308.71,1016
3211123,35.56,308.71,1016
3212639,35.63,308.77,1016
3214153,35.56,308.71,1017
3215669,35.56,308.71,1016
3217184,35.56,308.71,1017
3218699,35.50,308.65,1017
3220214,35.50,308.65,1017
3221729,35.50,308.65,1015
3223244,35.50,308.65,1016
3224759,35.56,308.71,1016
3226274,35.44,308.59,1017
3227790,35.56,308.71,1019
3229304,35.50,308.65,1017
3230820,35.50,308.65,1015
3232334,35.50,308.65,1016
3233850,35.50,308.65,1015
3235364,35.44,308.59,1015
3236880,35.50,308.65,1018
3238394,35.50,308.65,1017
3239910,35.50,308.65,1016
3241425,35.44,308.59,1017
3242940,35.50,308.65,1017
3244454,35.50,308.65,1016
3245970,35.44,308.59,1017
3247485,35.44,308.59,1016
3249000,35.44,308.59,1018
3250515,35.44,308.59,1017
3252030,35.44,308.59,1016
3253545,35.44,308.59,1017
3255060,35.44,308.59,1017
3256576,35.44,308.59,1016
3258090,35.38,308.52,1018
3259606,35.38,308.52,1017
3261120,35.38,308.52,1017
3262636,35.31,308.46,1018
3264150,35.38,308.52,1017
3265666,35.38,308.52,1017
3267180,35.38,308.52,1017
3268696,35.38,308.52,1018
3270210,35.38,308.52,1016
3271726,35.31,308.46,1017
3273240,35.31,308.46,1017
3274756,35.31,308.46,1018
3276270,35.25,308.40,1018
3277786,35.31,308.46,1016
3279301,35.31,308.46,1018
3280816,35.25,308.40,1017
3282331,35.25,308.40,1017
3283846,35.31,308.46,1018
3285361,35.31,308.46,1018
3286876,35.19,308.34,1017
3288390,35.25,308.40,1018
3289906,35.25,308.40,1018
3291420,35.19,308.34,1018
3292936,35.19,308.34,1018
3294450,35.19,308.34,1019
3295966,35.19,308.34,1019
3297480,35.25,308.40,1017
3298996,35.25,308.40,1019
3300510,35.25,308.40,1016
3302026,35.19,308.34,1017
3303540,35.19,308.34,1017
3305056,35.25,308.40,1018
3306570,35.19,308.34,1017
3308085,35.19,308.34,1016
3309600,35.13,308.27,1016
3311115,35.19,308.34,1017
3312630,35.19,308.34,1019
3314145,35.19,308.34,1019
3315660,35.19,308.34,1017
3317175,35.13,308.27,1017
3318690,35.13,308.27,1017
3320205,35.13,308.27,1017
3321720,35.13,308.27,1018
3323235,35.13,308.27,1017
3324750,35.06,308.21,1017
3326265,35.13,308.27,1016
3327779,35.13,308.27,1018
3329295,35.13,308.27,1019
3330809,35.13,308.27,1017
3332325,35.13,308.27,1019
3333839,35.13,308.27,1016
3335355,35.13,308.27,1018
3336869,35.06,308.21,1018
3338385,35.06,308.21,1018
3339899,35.00,308.15,1017
3341415,35.00,308.15,1019
3342929,35.06,308.21,1019
3344444,35.06,308.21,1015
3345959,35.06,308.21,1016
3347474,35.06,308.21,1017
3348989,34.94,308.09,1016
3350504,35.00,308.15,1016
3352019,35.06,308.21,1019
3353534,35.06,308.21,1017
3355048,35.00,308.15,1018
3356564,35.00,308.15,1017
3358078,35.00,308.15,1018
3359594,35.00,308.15,1016
3361108,34.94,308.09,1015
3362623,35.00,308.15,1014
3364139,34.94,308.09,1017
3365653,34.94,308.09,1017
3367169,35.00,308.15,1016
3368683,34.88,308.02,1017
3370198,34.88,308.02,1018
3371713,34.88,308.02,1016
3373228,34.94,308.09,1017
3374743,34.94,308.09,1018
3376258,34.94,308.09,1018
3377772,34.94,308.09,1017
3379288,34.94,308.09,1020
3380802,34.88,308.02,1021
3382318,34.94,308.09,1017
3383832,34.94,308.09,1016
3385347,34.94,308.09,1018
3386862,34.94,308.09,1018
3388377,34.88,308.02,1017
3389892,34.88,308.02,1017
3391407,34.88,308.02,1016
3392921,34.88,308.02,1017
3394437,34.88,308.02,1017
3395951,34.88,308.02,1017
3397466,34.88,308.02,1018
3398981,34.88,308.02,1016
3400496,34.88,308.02,1017
3402010,34.88,308.02,1019
3403526,34.81,307.96,1015
3405040,34.81,307.96,1015
3406555,34.81,307.96,1016
3408070,34.75,307.90,1018
3409585,34.81,307.96,1015
3411100,34.81,307.96,1015
3412615,34.75,307.90,1015
3414129,34.75,307.90,1018
3415645,34.75,307.90,1017
3417159,34.75,307.90,1017
3418674,34.81,307.96,1017
3420189,34.81,307.96,1016
3421704,34.75,307.90,1017
3423218,34.75,307.90,1018
3424734,34.75,307.90,1016
3426248,34.69,307.84,1017
3427763,34.69,307.84,1018
3429278,34.69,307.84,1017
3430793,34.75,307.90,1017
3432307,34.69,307.84,1016
3433823,34.63,307.77,1017
3435337,34.69,307.84,1017
3436852,34.69,307.84,1017
3438366,34.69,307.84,1018
3439882,34.69,307.84,1017
3441396,34.69,307.84,1018
3442911,34.69,307.84,1017
3444426,34.63,307.77,1016
3445941,34.63,307.77,1018
3447455,34.69,307.84,1017
3448971,34.56,307.71,1017
3450485,34.56,307.71,1016
3452000,34.63,307.77,1017
3453515,34.63,307.77,1018
3455030,34.63,307.77,1018
3456544,34.63,307.77,1018
3458060,34.63,307.77,1016
3459574,34.56,307.71,1016
3461089,34.56,307.71,1018
3462604,34.63,307.77,1016
3464119,34.56,307.71,1016
3465633,34.63,307.77,1018
3467148,34.56,307.71,1017
3468663,34.56,307.71,1017
3470178,34.56,307.71,1016
3471692,34.56,307.71,1015
3473208,34.56,307.71,1018
3474722,34.50,307.65,1015
3476237,34.56,307.71,1014
3477752,34.50,307.65,1014
3479267,34.56,307.71,1013
3480781,34.56,307.71,1015
3482297,34.50,307.65,1015
3483811,34.50,307.65,1015
3485326,34.50,307.65,1015
3486840,34.50,307.65,1014
3488356,34.44,307.59,1015
3489870,34.50,307.65,1013
3491385,34.50,307.65,1016
3492899,34.50,307.65,1014
3494415,34.50,307.65,1016
3495929,34.50,307.65,1016
3497444,34.44,307.59,1016
3498959,34.44,307.59,1017
3500474,34.50,307.65,1016
3501988,34.44,307.59,1017
3503503,34.44,307.59,1017
3505018,34.44,307.59,1018
3506533,34.38,307.52,1019
3508047,34.38,307.52,1018
3509562,34.44,307.59,1017
3511077,34.44,307.59,1019
3512592,34.38,307.52,1018
3514106,34.38,307.52,1017
3515621,34.38,307.52,1016
3517136,34.38,307.52,1018
3518651,34.31,307.46,1016
3520165,34.38,307.52,1016
3521680,34.38,307.52,1018
3523195,34.38,307.52,1017
3524710,34.38,307.52,1016
3526224,34.31,307.46,1017
3527739,34.38,307.52,1018
3529254,34.38,307.52,1017
3530769,34.31,307.46,1017
3532283,34.38,307.52,1019
3533799,34.38,307.52,1017
3535313,34.38,307.52,1017
3536828,34.31,307.46,1018
3538342,34.31,307.46,1020
3539858,34.31,307.46,1017
3541372,34.25,307.40,1020
3542887,34.25,307.40,1018
3544401,34.25,307.40,1017
3545917,34.25,307.40,1016
3547431,34.19,307.34,1017
3548946,34.19,307.34,1018
3550460,34.19,307.34,1018
3551976,34.25,307.40,1016
3553490,34.31,307.46,1016
3555005,34.25,307.40,1018
3556519,34.25,307.40,1017
3558035,34.25,307.40,1016
3559549,34.25,307.40,1016
3561064,34.19,307.34,1019
3562578,34.25,307.40,1018
3564094,34.25,307.40,1017
3565608,34.19,307.34,1018
3567123,34.25,307.40,1018
3568637,34.19,307.34,1017
3570152,34.19,307.34,1016
3571667,34.19,307.34,1018
3573182,34.19,307.34,1016
3574696,34.19,307.34,1018
3576211,34.25,307.40,1016
3577726,34.19,307.34,1018
3579241,34.19,307.34,1018
3580755,34.13,307.27,1017
3582270,34.19,307.34,1019
3583784,34.19,307.34,1016
3585300,34.19,307.34,1016
3586814,34.19,307.34,1018
3588329,34.19,307.34,1017
3589843,34.13,307.27,1018
3591358,34.13,307.27,1016
3592873,34.19,307.34,1018
3594388,34.13,307.27,1017
3595902,34.13,307.27,1016
3597417,34.13,307.27,1019
3598931,34.06,307.21,1016
3600447,34.13,307.27,1016
3601961,34.13,307.27,1020
3603476,34.13,307.27,1018
3604990,34.13,307.27,1018
3606505,34.13,307.27,1018
3608020,34.13,307.27,1018
3609535,34.06,307.21,1017
3611049,34.06,307.21,1016
3612564,34.06,307.21,1017
3614078,34.06,307.21,1017
3615594,34.06,307.21,1018
3617108,34.00,307.15,1016
3618623,34.06,307.21,1017
3620137,34.06,307.21,1017
3621652,34.06,307.21,1018
3623168,34.00,307.15,1016
3624682,34.00,307.15,1017
3626196,34.06,307.21,1018
3627711,34.06,307.21,1017
3629225,34.06,307.21,1017
3630740,34.00,307.15,1017
3632256,33.94,307.09,1016
3633770,33.94,307.09,1016
3635284,33.94,307.09,1018
3636799,34.00,307.15,1016
3638313,33.94,307.09,1019
3639828,34.00,307.15,1016
3641344,33.94,307.09,1017
3642858,34.00,307.15,1019
3644372,33.94,307.09,1017
3645887,33.94,307.09,1018
3647401,33.94,307.09,1014
3648916,33.88,307.02,1017
3650430,33.94,307.09,1017
3651945,33.94,307.09,1017
3653460,33.94,307.09,1016
3654975,33.94,307.09,1019
3656489,33.94,307.09,1018
3658004,33.94,307.09,1016
3659518,33.94,307.09,1018
3661033,33.94,307.09,1017
3662547,33.94,307.09,1017
3664062,33.94,307.09,1018
3665577,33.94,307.09,1017
3667092,33.88,307.02,1017
3668606,33.94,307.09,1018
3670121,33.88,307.02,1018
3671635,33.81,306.96,1018
3673150,33.88,307.02,1017
3674664,33.81,306.96,1018
3676179,33.81,306.96,1018
3677694,33.88,307.02,1017
3679209,33.81,306.96,1018
3680723,33.81,306.96,1017
3682238,33.88,307.02,1018
3683752,33.88,307.02,1017
3685267,33.81,306.96,1016
3686781,33.81,306.96,1019
3688296,33.81,306.96,1018
3689810,33.81,306.96,1017
3691325,33.81,306.96,1017
3692840,33.81,306.96,1017
3694355,33.81,306.96,1017
3695869,33.81,306.96,1016
3697384,33.81,306.96,1016
3698898,33.88,307.02,1018
3700413,33.81,306.96,1017
3701927,33.75,306.90,1016
3703442,33.75,306.90,1019
3704956,33.81,306.96,1016
3706471,33.81,306.96,1017
3707985,33.81,306.96,1018
3709500,33.75,306.90,1017
3711014,33.75,306.90,1018
3712529,33.75,306.90,1018
3714043,33.75,306.90,1018
3715558,33.75,306.90,1019
3717072,33.75,306.90,1017
3718588,33.69,306.84,1016
3720102,33.75,306.90,1017
3721617,33.69,306.84,1019
3723131,33.69,306.84,1018
3724646,33.69,306.84,1017
3726160,33.75,306.90,1017
3727675,33.69,306.84,1018
3729189,33.69,306.84,1018
3730704,33.69,306.84,1017
3732218,33.63,306.77,1016
3733733,33.69,306.84,1017
3735247,33.63,306.77,1017
3736762,33.63,306.77,1017
3738277,33.69,306.84,1018
3739792,33.63,306.77,1018
3741306,33.63,306.77,1019
3742821,33.63,306.77,1017
3744335,33.63,306.77,1018
3745850,33.63,306.77,1017
3747364,33.63,306.77,1017
3748879,33.69,306.84,1017
3750393,33.63,306.77,1018
3751908,33.63,306.77,1017
3753422,33.63,306.77,1019
3754937,33.56,306.71,1019
3756451,33.63,306.77,1018
3757966,33.56,306.71,1018
3759480,33.56,306.71,1019
3760995,33.56,306.71,1017
3762510,33.56,306.71,1017
3764025,33.56,306.71,1016
3765539,33.56,306.71,1018
3767054,33.56,306.71,1018
3768568,33.56,306.71,1017
3770083,33.56,306.71,1019
3771597,33.56,306.71,1020
3773112,33.56,306.71,1019
3774626,33.56,306.71,1017
3776141,33.56,306.71,1017
3777655,33.50,306.65,1018
3779170,33.44,306.59,1019
3780684,33.50,306.65,1016
3782199,33.50,306.65,1017
3783713,33.50,306.65,1016
3785228,33.50,306.65,1016
3786742,33.50,306.65,1019
3788257,33.50,306.65,1018
3789771,33.50,306.65,1019
3791286,33.44,306.59,1017
3792800,33.44,306.59,1017
3794315,33.44,306.59,1019
3795829,33.44,306.59,1016
3797344,33.44,306.59,1017
3798858,33.50,306.65,1017
3800373,33.50,306.65,1018
3801887,33.44,306.59,1018
3803402,33.44,306.59,1018
3804916,33.44,306.59,1019
3806431,33.38,306.52,1016
3807945,33.44,306.59,1019
3809460,33.38,306.52,1015
3810974,33.38,306.52,1017
3812489,33.38,306.52,1018
3814003,33.38,306.52,1015
3815518,33.38,306.52,1017
3817032,33.38,306.52,1017
3818547,33.38,306.52,1018
3820061,33.38,306.52,1019
3821576,33.38,306.52,1018
3823090,33.38,306.52,1017
3824605,33.38,306.52,1017
3826119,33.38,306.52,1016
3827634,33.31,306.46,1018
3829148,33.38,306.52,1019
3830663,33.31,306.46,1017
3832177,33.38,306.52,1019
3833692,33.31,306.46,1018
3835206,33.31,306.46,1020
3836721,33.38,306.52,1019
3838235,33.31,306.46,1018
3839750,33.31,306.46,1019
3841264,33.31,306.46,1018
3842779,33.31,306.46,1016
3844293,33.31,306.46,1018
3845808,33.31,306.46,1019
3847322,33.31,306.46,1019
3848837,33.31,306.46,1016
3850351,33.25,306.40,1019
3851866,33.31,306.46,1017
3853380,33.25,306.40,1018
3854895,33.25,306.40,1017
3856409,33.31,306.46,1017
3857924,33.25,306.40,1018
3859438,33.25,306.40,1018
3860953,33.31,306.46,1017
3862467,33.25,306.40,1019
3863982,33.25,306.40,1017
3865496,33.19,306.34,1018
3867011,33.25,306.40,1019
3868525,33.25,306.40,1019
3870040,33.25,306.40,1017
3871554,33.19,306.34,1020
3873069,33.25,306.40,1019
3874583,33.25,306.40,1018
3876098,33.25,306.40,1019
3877612,33.25,306.40,1017
3879126,33.25,306.40,1019
3880640,33.19,306.34,1018
3882155,33.19,306.34,1017
3883670,33.19,306.34,1018
3885185,33.19,306.34,1019
3886699,33.19,306.34,1018
3888214,33.19,306.34,1020
3889728,33.19,306.34,1019
3891243,33.19,306.34,1018
3892757,33.19,306.34,1018
3894272,33.13,306.27,1018
3895786,33.19,306.34,1020
3897300,33.13,306.27,1018
3898815,33.06,306.21,1016
3900329,33.19,306.34,1019
3901844,33.19,306.34,1019
3903358,33.06,306.21,1017
3904873,33.13,306.27,1020
3906388,33.13,306.27,1019
3907903,33.13,306.27,1017
3909417,33.13,306.27,1016
3910932,33.13,306.27,1019
3912446,33.13,306.27,1018
3913961,33.13,306.27,1018
3915475,33.06,306.21,1018
3916990,33.00,306.15,1019
3918504,33.06,306.21,1018
3920019,33.06,306.21,1018
3921533,33.06,306.21,1018
3923048,33.06,306.21,1017
3924561,33.06,306.21,1020
3926076,33.06,306.21,1017
3927590,33.06,306.21,1019
3929105,33.06,306.21,1017
3930619,33.06,306.21,1019
3932134,33.06,306.21,1017
3933648,33.06,306.21,1018
3935163,33.06,306.21,1018
3936677,33.06,306.21,1017
3938192,33.06,306.21,1019
3939706,33.00,306.15,1017
3941221,33.06,306.21,1018
3942735,33.00,306.15,1017
3944250,33.00,306.15,1017
3945763,33.00,306.15,1020
3947278,33.00,306.15,1019
3948792,33.00,306.15,1018
3950307,33.06,306.21,1018
3951821,33.00,306.15,1017
3953336,33.00,306.15,1018
3954850,33.00,306.15,1018
3956365,33.00,306.15,1018
3957879,32.94,306.09,1020
3959394,33.00,306.15,1017
3960908,33.00,306.15,1019
3962423,32.94,306.09,1018
3963937,32.94,306.09,1017
3965451,32.94,306.09,1017
3966965,32.94,306.09,1017
3968480,33.00,306.15,1019
3969994,32.94,306.09,1020
3971509,33.00,306.15,1016
3973023,32.88,306.02,1019
3974538,32.94,306.09,1018
3976052,32.94,306.09,1017
3977567,32.94,306.09,1018
3979081,32.94,306.09,1020
3980596,32.88,306.02,1018
3982110,32.88,306.02,1018
3983625,32.94,306.09,1018
3985139,32.88,306.02,1017
3986654,32.94,306.09,1017
3988167,32.94,306.09,1019
3989682,32.94,306.09,1018
3991196,32.94,306.09,1018
3992711,32.88,306.02,1017
3994225,32.94,306.09,1018
3995740,32.94,306.09,1016
3997254,32.88,306.02,1017
3998769,32.88,306.02,1018
4000283,32.88,306.02,1019
4001798,32.94,306.09,1018
4003311,32.94,306.09,1017
4004826,32.94,306.09,1017
4006340,32.88,306.02,1018
4007855,32.94,306.09,1017
4009369,32.88,306.02,1019
4010884,32.88,306.02,1019
4012398,32.94,306.09,1019
4013912,32.88,306.02,1017
4015426,32.88,306.02,1018
4016941,32.81,305.96,1019
4018455,32.81,305.96,1017
4019970,32.88,306.02,1017
4021484,32.88,306.02,1017
4022999,32.88,306.02,1018
4024513,32.88,306.02,1019
4026027,32.88,306.02,1019
4027541,32.88,306.02,1018
4029056,32.81,305.96,1019
4030570,32.81,305.96,1017
4032084,32.88,306.02,1018
4033598,32.88,306.02,1017
4035112,32.88,306.02,1018
4036627,32.81,305.96,1017
4038141,32.81,305.96,1019
4039656,32.81,305.96,1018
4041169,32.81,305.96,1018
4042684,32.81,305.96,1019
4044198,32.81,305.96,1018
4045713,32.81,305.96,1018
4047227,32.81,305.96,1019
4048741,32.81,305.96,1018
4050255,32.81,305.96,1017
4051770,32.75,305.90,1018
4053284,32.75,305.90,1017
4054799,32.81,305.96,1019
4056312,32.81,305.96,1021
4057827,32.81,305.96,1019
4059341,32.75,305.90,1018
4060856,32.81,305.96,1020
4062370,32.81,305.96,1017
4063884,32.75,305.90,1018
4065398,32.81,305.96,1019
4066913,32.75,305.90,1019
4068427,32.75,305.90,1019
4069941,32.75,305.90,1018
4071455,32.69,305.84,1018
4072970,32.75,305.90,1018
4074484,32.75,305.90,1018
4075999,32.75,305.90,1018
4077513,32.69,305.84,1018
4079027,32.63,305.77,1019
4080541,32.69,305.84,1018
4082056,32.69,305.84,1018
4083570,32.69,305.84,1010
4085085,32.69,305.84,1018
4086598,32.69,305.84,1018
4088113,32.63,305.77,1019
4089627,32.69,305.84,1017
4091142,32.69,305.84,1017
4092656,32.69,305.84,1019
4094171,32.63,305.77,1018
4095684,32.63,305.77,1019
4097199,32.56,305.71,1019
4098713,32.63,305.77,1019
4100228,32.69,305.84,1018
4101742,32.63,305.77,1018
4103256,32.63,305.77,1018
4104770,32.63,305.77,1018
4106285,32.63,305.77,1018
4107799,32.63,305.77,1017
4109314,32.63,305.77,1017
4110828,32.63,305.77,1019
4112342,32.63,305.77,1018
4113856,32.63,305.77,1018
4115371,32.63,305.77,1017
4116885,32.56,305.71,1018
4118400,32.63,305.77,1019
4119913,32.56,305.71,1019
4121427,32.56,305.71,1018
4122942,32.56,305.71,1018
4124456,32.56,305.71,1016
4125971,32.56,305.71,1019
4127484,32.56,305.71,1018
4128999,32.63,305.77,1019
4130513,32.50,305.65,1020
4132028,32.50,305.65,1018
4133542,32.50,305.65,1018
4135056,32.50,305.65,1017
4136570,32.50,305.65,1018
4138085,32.56,305.71,1018
4139599,32.50,305.65,1017
4141113,32.38,305.52,1019
4142627,32.19,305.34,1018
4144142,32.13,305.27,1018
4145656,32.06,305.21,1018
4147170,32.06,305.21,1019
4148684,32.00,305.15,1020
4150198,31.94,305.09,1019
4151712,31.87,305.02,1019
4153227,31.87,305.02,1010
4154740,31.81,304.96,1019
4156255,31.75,304.90,1018
4157768,31.69,304.84,1019
4159283,31.69,304.84,1019
4160797,31.69,304.84,1015
4162311,31.69,304.84,1019
4163825,31.69,304.84,1019
4165339,31.69,304.84,1020
4166853,31.69,304.84,1018
4168368,31.62,304.77,1016
4169881,31.56,304.71,1017
4171396,31.62,304.77,1016
4172909,31.62,304.77,1017
4174424,31.62,304.77,1018
4175938,31.62,304.77,1021
4177452,31.56,304.71,1018
4178966,31.50,304.65,1023
4180480,31.56,304.71,1019
4181994,31.62,304.77,1018
4183507,31.62,304.77,1016
4185022,31.56,304.71,1010
4186536,31.56,304.71,1018
4188050,31.62,304.77,1019
4189564,31.56,304.71,1018
4191078,31.56,304.71,1018
4192592,31.56,304.71,1017
4194106,31.56,304.71,1018
4195620,31.56,304.71,1018
4197135,31.56,304.71,1018
4198648,31.56,304.71,1019
4200163,31.56,304.71,1018
4201676,31.44,304.59,1018
4203191,31.50,304.65,1018
4204705,31.56,304.71,1018
4206219,31.50,304.65,1017
4207733,31.56,304.71,1018
4209247,31.56,304.71,1018
4210761,31.56,304.71,1017
4212275,31.56,304.71,1018
4213789,31.56,304.71,1016
4215304,31.56,304.71,1017
4216817,31.50,304.65,1017
4218332,31.56,304.71,1019
4219845,31.62,304.77,1017
4221360,31.56,304.71,1019
4222873,31.56,304.71,1019
4224388,31.56,304.71,1018
4225901,31.56,304.71,1017
4227416,31.56,304.71,1018
4228929,31.56,304.71,1018
4230444,31.50,304.65,1019
4231958,31.56,304.71,1018
4233472,31.56,304.71,1018
4234986,31.62,304.77,1017
4236499,31.56,304.71,1017
4238014,31.56,304.71,1018
4239527,31.56,304.71,1018
4241042,31.56,304.71,1018
4242555,31.56,304.71,1017
4244070,31.50,304.65,1016
4245583,31.50,304.65,1019
4247098,31.56,304.71,1019
4248611,31.50,304.65,1018
4250126,31.50,304.65,1016
4251639,31.50,304.65,1018
4253154,31.50,304.65,1018
4254667,31.50,304.65,1018
4256182,31.44,304.59,1018
4257696,31.44,304.59,1018
4259210,31.50,304.65,1019
4260724,31.50,304.65,1018
4262238,31.50,304.65,1017
4263752,31.50,304.65,1019
4265266,31.44,304.59,1018
4266780,31.50,304.65,1017
4268294,31.50,304.65,1017
4269808,31.50,304.65,1016
4271322,31.44,304.59,1018
4272836,31.50,304.65,1017
4274351,31.50,304.65,1017
4275864,31.50,304.65,1017
4277379,31.50,304.65,1018
4278892,31.50,304.65,1018
4280407,31.50,304.65,1017
4281920,31.50,304.65,1017
4283435,31.44,304.59,1016
4284948,31.44,304.59,1017
4286462,31.50,304.65,1018
4287976,31.44,304.59,1017
4289490,31.44,304.59,1017
4291004,31.44,304.59,1017
4292518,31.37,304.52,1017
4294032,31.50,304.65,1019
4295546,31.44,304.59,1018
4297061,31.44,304.59,1018
4298574,31.44,304.59,1018
4300089,31.44,304.59,1018
4301602,31.44,304.59,1018
4303117,31.44,304.59,1017
4304630,31.37,304.52,1018
4306145,31.44,304.59,1022
4307658,31.44,304.59,1017
4309173,31.37,304.52,1016
4310686,31.37,304.52,1017
4312201,31.44,304.59,1017
4313714,31.44,304.59,1017
4315229,31.44,304.59,1018
4316743,31.37,304.52,1018
4318257,31.44,304.59,1018
4319771,31.44,304.59,1018
4321285,31.44,304.59,1016
4322798,31.37,304.52,1016
4324313,31.44,304.59,1017
4325826,31.37,304.52,1018
4327341,31.44,304.59,1018
4328854,31.37,304.52,1018
4330369,31.37,304.52,1016
4331883,31.37,304.52,1017
4333396,31.37,304.52,1017
4334911,31.44,304.59,1016
4336424,31.37,304.52,1017
4337939,31.44,304.59,1018
4339452,31.37,304.52,1020
4340967,31.37,304.52,1018
4342480,31.37,304.52,1018
4343995,31.37,304.52,1019
4345508,31.37,304.52,1018
4347023,31.37,304.52,1018
4348536,31.37,304.52,1018
4350051,31.31,304.46,1017
4351564,31.37,304.52,1009
4353079,31.37,304.52,1019
4354592,31.31,304.46,1018
4356107,31.31,304.46,1019
4357620,31.37,304.52,1018
4359135,31.37,304.52,1018
4360648,31.31,304.46,1016
4362163,31.37,304.52,1017
4363676,31.25,304.40,1017
4365191,31.31,304.46,1017
4366704,31.31,304.46,1017
4368219,31.31,304.46,1018
4369732,31.37,304.52,1018
4371247,31.37,304.52,1018
4372760,31.31,304.46,1013
4374275,31.31,304.46,1017
4375788,31.25,304.40,1017
4377303,31.31,304.46,1018
4378816,31.31,304.46,1017
4380331,31.31,304.46,1019
4381844,31.31,304.46,1014
4383358,31.31,304.46,993
4384872,31.31,304.46,1017
4386385,31.37,304.52,923
4387900,31.37,304.52,926
4389413,31.37,304.52,934
