time_ms,temp_c,temp_k,adc
619,98.37,371.52,849
2156,98.37,371.52,849
3694,98.31,371.46,849
5231,98.31,371.46,848
6768,98.31,371.46,849
8305,98.31,371.46,849
9842,98.31,371.46,849
11379,98.31,371.46,848
12916,98.37,371.52,849
14453,98.31,371.46,849
15990,98.31,371.46,848
17527,98.31,371.46,848
19065,98.31,371.46,848
20602,98.31,371.46,848
22139,98.31,371.46,849
23676,98.31,371.46,848
25213,98.31,371.46,849
26750,98.31,371.46,849
28288,98.31,371.46,848
29825,98.31,371.46,849
31362,98.31,371.46,849
32899,98.31,371.46,849
34436,98.31,371.46,849
35974,98.31,371.46,848
37511,98.31,371.46,849
39048,98.31,371.46,848
40585,98.31,371.46,849
42122,98.31,371.46,848
43659,98.31,371.46,848
45196,98.25,371.40,849
46733,98.25,371.40,848
48270,98.19,371.34,848
49807,98.19,371.34,848
51344,98.19,371.34,848
52881,98.19,371.34,848
54418,98.19,371.34,848
55955,98.19,371.34,848
57492,98.12,371.27,847
59029,98.12,371.27,848
60566,98.12,371.27,848
62103,98.12,371.27,847
63640,98.12,371.27,846
65177,98.06,371.21,847
66714,98.06,371.21,847
68251,98.06,371.21,848
69787,98.06,371.21,846
71324,98.06,371.21,847
72861,98.06,371.21,847
74398,98.00,371.15,847
75935,98.00,371.15,847
77472,98.00,371.15,846
79009,98.00,371.15,846
80546,97.94,371.09,847
82083,97.94,371.09,847
83620,97.94,371.09,846
85157,97.94,371.09,847
86693,97.94,371.09,846
88230,97.94,371.09,847
89767,97.94,371.09,847
91304,97.94,371.09,847
92841,97.87,371.02,846
94379,97.87,371.02,847
95916,97.87,371.02,846
97452,97.81,370.96,846
98989,97.81,370.96,846
100526,97.81,370.96,845
102063,97.81,370.96,846
103600,97.75,370.90,846
105137,97.69,370.84,845
106674,97.75,370.90,846
108211,97.69,370.84,845
109747,97.69,370.84,845
111284,97.69,370.84,845
112821,97.69,370.84,845
114358,97.62,370.77,844
115895,97.56,370.71,845
117432,97.56,370.71,845
118968,97.56,370.71,844
120505,97.56,370.71,844
122042,97.56,370.71,844
123579,97.56,370.71,845
125116,97.56,370.71,844
126652,97.56,370.71,844
128189,97.50,370.65,844
129726,97.50,370.65,844
131262,97.50,370.65,844
132799,97.50,370.65,844
134336,97.50,370.65,844
135872,97.44,370.59,844
137409,97.44,370.59,844
138946,97.44,370.59,843
140482,97.44,370.59,844
142019,97.44,370.59,844
143556,97.37,370.52,844
145093,97.31,370.46,844
146629,97.31,370.46,843
148166,97.25,370.40,843
149703,97.25,370.40,843
151239,97.25,370.40,843
152776,97.19,370.34,842
154312,97.19,370.34,842
155849,97.19,370.34,843
157386,97.19,370.34,843
158922,97.12,370.27,841
160459,97.12,370.27,842
161995,97.12,370.27,842
163532,97.12,370.27,842
165069,97.06,370.21,842
166605,97.06,370.21,841
168142,97.00,370.15,842
169678,97.00,370.15,841
171215,97.00,370.15,841
172751,96.94,370.09,841
174288,96.87,370.02,841
175824,96.87,370.02,841
177361,96.81,369.96,841
178897,96.81,369.96,841
180433,96.81,369.96,840
181970,96.75,369.90,840
183506,96.69,369.84,839
185042,96.62,369.77,840
186579,96.62,369.77,839
188115,96.62,369.77,838
189651,96.56,369.71,839
191187,96.56,369.71,839
192723,96.50,369.65,838
194260,96.50,369.65,838
195796,96.50,369.65,838
197332,96.44,369.59,838
198868,96.44,369.59,837
200404,96.44,369.59,838
201942,96.31,369.46,837
203478,96.25,369.40,836
205014,96.25,369.40,837
206550,96.19,369.34,837
208086,96.19,369.34,836
209622,96.12,369.27,836
211158,96.06,369.21,836
212694,96.06,369.21,837
214230,96.06,369.21,836
215766,96.00,369.15,836
217302,95.94,369.09,835
218838,95.94,369.09,835
220374,95.87,369.02,835
221910,95.81,368.96,835
223446,95.75,368.90,836
224982,95.75,368.90,834
226518,95.75,368.90,834
228052,95.75,368.90,834
229588,95.69,368.84,835
231124,95.69,368.84,835
232660,95.62,368.77,834
234196,95.56,368.71,833
235732,95.44,368.59,833
237267,95.44,368.59,834
238803,95.37,368.52,833
240339,95.31,368.46,832
241874,95.31,368.46,833
243410,95.25,368.40,832
244946,95.25,368.40,832
246481,95.25,368.40,831
248017,95.25,368.40,832
249552,95.25,368.40,832
251088,95.19,368.34,831
252623,95.12,368.27,831
254159,95.00,368.15,831
255694,95.00,368.15,831
257230,94.94,368.09,830
258765,94.87,368.02,831
260300,94.87,368.02,830
261836,94.81,367.96,830
263371,94.81,367.96,830
264907,94.75,367.90,830
266442,94.75,367.90,830
267977,94.75,367.90,830
269513,94.69,367.84,829
271048,94.69,367.84,830
272583,94.62,367.77,830
274119,94.56,367.71,830
275654,94.50,367.65,829
277189,94.50,367.65,829
278724,94.44,367.59,829
280259,94.44,367.59,829
281795,94.37,367.52,829
283330,94.31,367.46,828
284865,94.25,367.40,829
286400,94.25,367.40,828
287935,94.25,367.40,828
289470,94.25,367.40,828
291005,94.25,367.40,829
292540,94.19,367.34,828
294075,94.12,367.27,828
295610,94.06,367.21,827
297145,94.06,367.21,827
298680,94.00,367.15,827
300215,93.94,367.09,826
301750,93.94,367.09,826
303285,93.87,367.02,826
304820,93.81,366.96,826
306355,93.75,366.90,826
307890,93.69,366.84,826
309424,93.69,366.84,826
310959,93.62,366.77,826
312494,93.56,366.71,825
314029,93.56,366.71,825
315563,93.50,366.65,824
317097,93.44,366.59,824
318632,93.37,366.52,823
320166,93.31,366.46,824
321701,93.25,366.40,822
323236,93.25,366.40,822
324770,93.19,366.34,823
326305,93.12,366.27,822
327839,93.12,366.27,822
329374,93.06,366.21,822
330908,93.00,366.15,821
332443,93.00,366.15,822
333977,92.94,366.09,821
335512,92.94,366.09,821
337046,92.87,366.02,821
338581,92.81,365.96,820
340115,92.75,365.90,821
341649,92.69,365.84,819
343184,92.62,365.77,820
344718,92.56,365.71,819
346253,92.50,365.65,820
347787,92.50,365.65,819
349321,92.44,365.59,819
350855,92.31,365.46,819
352390,92.25,365.40,819
353924,92.25,365.40,818
355458,92.25,365.40,818
356992,92.19,365.34,819
358525,92.12,365.27,818
360059,92.06,365.21,818
361594,92.00,365.15,817
363128,92.00,365.15,817
364662,91.94,365.09,817
366196,91.87,365.02,816
367730,91.81,364.96,816
369264,91.69,364.84,816
370798,91.62,364.77,815
372331,91.62,364.77,814
373865,91.56,364.71,815
375399,91.50,364.65,814
376933,91.44,364.59,815
378467,91.44,364.59,814
380001,91.37,364.52,813
381534,91.31,364.46,813
383068,91.31,364.46,813
384602,91.25,364.40,812
386136,91.19,364.34,812
387668,91.12,364.27,811
389202,91.06,364.21,811
390735,91.00,364.15,810
392269,91.00,364.15,810
393802,90.94,364.09,810
395336,90.87,364.02,809
396869,90.75,363.90,810
398403,90.75,363.90,809
399936,90.69,363.84,809
401469,90.69,363.84,809
403003,90.62,363.77,808
404536,90.56,363.71,809
406069,90.50,363.65,809
407602,90.44,363.59,808
409136,90.44,363.59,808
410669,90.44,363.59,807
412201,90.37,363.52,807
413735,90.31,363.46,808
415268,90.31,363.46,807
416801,90.19,363.34,807
418334,90.19,363.34,806
419867,90.12,363.27,805
421400,90.06,363.21,805
422933,90.00,363.15,805
424466,89.94,363.09,805
425999,89.87,363.02,804
427532,89.81,362.96,805
429065,89.81,362.96,804
430598,89.75,362.90,805
432131,89.69,362.84,804
433664,89.69,362.84,803
435196,89.62,362.77,803
436729,89.50,362.65,803
438262,89.44,362.59,803
439795,89.37,362.52,802
441327,89.31,362.46,801
442860,89.25,362.40,801
444393,89.12,362.27,801
445926,89.06,362.21,801
447458,89.06,362.21,801
448991,89.00,362.15,800
450523,88.94,362.09,800
452056,88.94,362.09,800
453588,88.94,362.09,800
455120,88.87,362.02,800
456653,88.81,361.96,799
458185,88.75,361.90,799
459717,88.69,361.84,798
461250,88.62,361.77,797
462782,88.50,361.65,797
464315,88.44,361.59,797
465847,88.37,361.52,797
467379,88.31,361.46,797
468911,88.31,361.46,796
470444,88.25,361.40,796
471975,88.19,361.34,795
473507,88.12,361.27,795
475039,88.06,361.21,795
476571,88.00,361.15,795
478104,87.94,361.09,795
479636,87.87,361.02,794
481168,87.81,360.96,794
482700,87.69,360.84,794
484232,87.62,360.77,794
485764,87.56,360.71,793
487294,87.50,360.65,792
488826,87.50,360.65,792
490358,87.44,360.59,792
491890,87.37,360.52,791
493422,87.31,360.46,791
494954,87.25,360.40,791
496486,87.19,360.34,790
498017,87.12,360.27,790
499549,87.06,360.21,790
501081,86.94,360.09,789
502611,86.87,360.02,789
504143,86.81,359.96,789
505674,86.81,359.96,789
507206,86.75,359.90,787
508738,86.69,359.84,787
510269,86.62,359.77,787
511801,86.62,359.77,787
513332,86.56,359.71,787
514864,86.50,359.65,786
516395,86.44,359.59,785
517926,86.37,359.52,785
519457,86.37,359.52,785
520988,86.31,359.46,785
522520,86.25,359.40,784
524051,86.12,359.27,784
525582,86.00,359.15,784
527113,85.94,359.09,784
528645,85.87,359.02,784
530176,85.87,359.02,783
531706,85.75,358.90,783
533237,85.69,358.84,782
534768,85.69,358.84,782
536299,85.62,358.77,781
537830,85.62,358.77,781
539361,85.56,358.71,781
540892,85.50,358.65,781
542423,85.37,358.52,779
543953,85.31,358.46,779
545484,85.25,358.40,779
547015,85.25,358.40,779
548546,85.12,358.27,778
550076,85.06,358.21,778
551607,85.00,358.15,777
553138,85.00,358.15,777
554669,84.94,358.09,777
556198,84.94,358.09,776
557729,84.87,358.02,777
559260,84.87,358.02,775
560791,84.81,357.96,775
562321,84.81,357.96,774
563852,84.69,357.84,774
565382,84.69,357.84,773
566913,84.56,357.71,773
568443,84.50,357.65,773
569973,84.50,357.65,772
571504,84.44,357.59,773
573034,84.31,357.46,772
574565,84.25,357.40,771
576095,84.25,357.40,771
577625,84.12,357.27,771
579155,84.12,357.27,770
580685,84.06,357.21,771
582216,84.00,357.15,770
583746,84.00,357.15,770
585276,83.94,357.09,768
586806,83.44,356.59,768
588336,82.87,356.02,767
589865,81.94,355.09,763
591393,80.56,353.71,756
592922,79.12,352.27,747
594449,77.56,350.71,738
595976,75.87,349.02,728
597501,74.31,347.46,716
599027,73.00,346.15,704
600552,71.81,344.96,693
602076,70.69,343.84,682
603600,69.37,342.52,670
605123,68.00,341.15,658
606646,66.69,339.84,647
608168,65.69,338.84,636
609691,64.87,338.02,627
611214,64.00,337.15,620
612736,63.25,336.40,614
614256,62.44,335.59,606
615778,61.69,334.84,600
617298,61.06,334.21,594
618820,60.50,333.65,589
620341,60.06,333.21,584
621861,59.56,332.71,579
623381,59.19,332.34,575
624902,58.88,332.02,572
626422,58.50,331.65,568
627942,58.00,331.15,566
629462,57.69,330.84,564
630981,57.38,330.52,562
632502,57.13,330.27,560
634021,56.88,330.02,559
635541,56.63,329.77,557
637061,56.38,329.52,556
638579,56.13,329.27,552
640099,55.94,329.09,553
641618,55.75,328.90,553
643138,55.56,328.71,552
644657,55.50,328.65,551
646176,55.38,328.52,551
647695,55.31,328.46,549
649214,55.19,328.34,549
650734,55.13,328.27,549
652076,,,546
# Error: could not read temperature, check wiring
653082,,,4
# Error: could not read temperature, check wiring
654601,55.00,328.15,547
656119,55.00,328.15,547
657638,55.00,328.15,546
659158,55.00,328.15,546
660676,55.00,328.15,546
662196,55.00,328.15,546
663714,54.94,328.09,547
665234,55.00,328.15,546
666753,55.00,328.15,546
668272,55.00,328.15,546
669791,55.00,328.15,546
671310,55.00,328.15,546
672829,55.06,328.21,546
674349,55.06,328.21,546
675867,55.06,328.21,546
677387,55.13,328.27,547
678905,55.13,328.27,547
680425,55.13,328.27,548
681944,55.13,328.27,549
683463,55.19,328.34,549
684982,55.19,328.34,550
686501,55.25,328.40,549
688020,55.25,328.40,549
689540,55.25,328.40,550
691058,55.31,328.46,550
692578,55.31,328.46,551
694096,55.31,328.46,551
695616,55.31,328.46,550
697136,55.38,328.52,551
698654,55.38,328.52,551
700174,55.38,328.52,551
701692,55.44,328.59,552
703212,55.44,328.59,551
704732,55.50,328.65,552
706250,55.50,328.65,552
707770,55.56,328.71,549
709289,55.56,328.71,551
710808,55.63,328.77,551
712328,55.63,328.77,551
713847,55.63,328.77,551
715367,55.69,328.84,551
716886,55.63,328.77,551
718405,55.69,328.84,550
719925,55.69,328.84,550
721443,55.69,328.84,550
722963,55.69,328.84,550
724483,55.69,328.84,550
726002,55.69,328.84,550
727521,55.69,328.84,551
729040,55.69,328.84,549
730559,55.69,328.84,550
732079,55.69,328.84,549
733598,55.69,328.84,549
735117,55.69,328.84,550
736636,55.75,328.90,549
738156,55.69,328.84,549
739676,55.69,328.84,549
741194,55.69,328.84,549
742714,55.69,328.84,549
744233,55.69,328.84,550
745752,55.69,328.84,548
747272,55.69,328.84,548
748790,55.63,328.77,549
750310,55.69,328.84,549
751830,55.63,328.77,548
753348,55.63,328.77,548
754868,55.63,328.77,548
756386,55.63,328.77,548
757906,55.63,328.77,547
759426,55.63,328.77,547
760944,55.63,328.77,547
762464,55.63,328.77,548
763982,55.63,328.77,548
765502,55.63,328.77,548
767021,55.63,328.77,548
768540,55.63,328.77,548
770060,55.63,328.77,548
771579,55.56,328.71,548
773098,55.63,328.77,549
774618,55.63,328.77,549
776137,55.63,328.77,548
777656,55.56,328.71,548
779175,55.56,328.71,547
780695,55.56,328.71,548
782214,55.56,328.71,548
783733,55.56,328.71,547
785252,55.56,328.71,548
786771,55.56,328.71,548
788291,55.56,328.71,548
789811,55.63,328.77,549
791329,55.63,328.77,549
792849,55.63,328.77,549
794369,55.63,328.77,548
795887,55.50,328.65,548
797407,55.56,328.71,548
798925,55.56,328.71,548
800445,55.50,328.65,548
801965,55.50,328.65,548
803484,55.50,328.65,548
805003,55.50,328.65,548
806522,55.50,328.65,549
808042,55.50,328.65,548
809561,55.50,328.65,548
811080,55.50,328.65,548
812599,55.44,328.59,548
814118,55.50,328.65,547
815637,55.44,328.59,548
817157,55.44,328.59,547
818675,55.38,328.52,547
820195,55.38,328.52,546
821713,55.31,328.46,546
823233,55.31,328.46,546
824752,55.31,328.46,545
826271,55.31,328.46,545
827790,55.31,328.46,546
829308,55.25,328.40,544
830828,55.25,328.40,544
832347,55.19,328.34,544
833866,55.19,328.34,544
835385,55.19,328.34,544
836903,55.13,328.27,544
838423,55.13,328.27,544
839942,55.06,328.21,544
841460,55.06,328.21,544
842980,55.06,328.21,544
844498,55.06,328.21,544
846017,55.00,328.15,544
847537,55.00,328.15,544
849055,55.00,328.15,543
850575,55.00,328.15,543
852093,55.00,328.15,543
853612,54.94,328.09,543
855132,54.94,328.09,543
856650,54.94,328.09,542
858170,54.94,328.09,543
859688,54.94,328.09,543
861208,54.94,328.09,543
862727,54.94,328.09,542
864245,54.94,328.09,542
865765,54.94,328.09,542
867283,54.94,328.09,543
868803,54.94,328.09,543
870322,54.94,328.09,542
871841,54.94,328.09,543
873360,54.94,328.09,543
874878,54.94,328.09,543
876397,54.94,328.09,543
877917,54.94,328.09,543
879435,54.94,328.09,543
880954,54.88,328.02,543
882472,54.94,328.09,543
883992,54.88,328.02,543
885511,54.88,328.02,542
887029,54.88,328.02,542
888549,54.88,328.02,542
890067,54.81,327.96,542
891586,54.81,327.96,542
893106,54.81,327.96,542
894624,54.75,327.90,541
896143,54.81,327.96,541
897662,54.81,327.96,541
899181,54.75,327.90,541
900701,54.75,327.90,540
902219,54.75,327.90,541
903738,54.75,327.90,541
905257,54.75,327.90,540
906776,54.75,327.90,540
908295,54.75,327.90,541
909814,54.75,327.90,541
911333,54.75,327.90,540
912852,54.69,327.84,541
914371,54.69,327.84,540
915890,54.69,327.84,540
917409,54.69,327.84,540
918928,54.63,327.77,540
920448,54.63,327.77,540
921966,54.56,327.71,540
923485,54.56,327.71,540
925004,54.56,327.71,540
926523,54.56,327.71,540
928041,54.56,327.71,539
929560,54.56,327.71,540
931080,54.56,327.71,540
932598,54.56,327.71,540
934117,54.50,327.65,539
935635,54.50,327.65,539
937155,54.50,327.65,539
938674,54.50,327.65,539
940192,54.50,327.65,539
941712,54.50,327.65,539
943230,54.50,327.65,539
944749,54.50,327.65,539
946268,54.44,327.59,539
947787,54.44,327.59,539
949306,54.44,327.59,538
950824,54.38,327.52,538
952344,54.38,327.52,538
953863,54.31,327.46,538
955381,54.31,327.46,538
956900,54.31,327.46,538
958418,54.31,327.46,537
959938,54.31,327.46,538
961457,54.31,327.46,537
962975,54.25,327.40,537
964494,54.25,327.40,537
966012,54.19,327.34,537
967531,54.19,327.34,536
969050,54.19,327.34,536
970568,54.19,327.34,537
972087,54.13,327.27,536
973606,54.13,327.27,536
975125,54.13,327.27,536
976644,54.13,327.27,536
978162,54.06,327.21,536
979681,54.06,327.21,536
981200,54.06,327.21,536
982719,54.00,327.15,535
984238,54.00,327.15,536
985756,54.00,327.15,535
987275,54.00,327.15,535
988793,54.00,327.15,535
990313,54.00,327.15,536
991832,54.00,327.15,535
993350,54.00,327.15,535
994869,54.00,327.15,535
996387,53.94,327.09,534
997906,53.88,327.02,534
999425,53.94,327.09,534
1000944,53.88,327.02,534
1002463,53.81,326.96,534
1003981,53.81,326.96,533
1005500,53.81,326.96,533
1007019,53.81,326.96,533
1008537,53.81,326.96,533
1010057,53.81,326.96,533
1011575,53.81,326.96,533
1013094,53.81,326.96,532
1014612,53.75,326.90,532
1016131,53.75,326.90,533
1017650,53.75,326.90,532
1019168,53.75,326.90,532
1020688,53.75,326.90,532
1022206,53.75,326.90,532
1023725,53.75,326.90,532
1025244,53.75,326.90,532
1026762,53.69,326.84,532
1028281,53.69,326.84,531
1029799,53.69,326.84,531
1031319,53.63,326.77,531
1032838,53.63,326.77,531
1034356,53.63,326.77,530
1035875,53.56,326.71,530
1037393,53.50,326.65,530
1038912,53.56,326.71,530
1040430,53.50,326.65,530
1041948,53.50,326.65,529
1043467,53.50,326.65,529
1044985,53.50,326.65,529
1046504,53.44,326.59,529
1048023,53.44,326.59,529
1049541,53.44,326.59,529
1051060,53.38,326.52,529
1052578,53.38,326.52,529
1054097,53.38,326.52,529
1055616,53.31,326.46,528
1057134,53.31,326.46,528
1058652,53.31,326.46,528
1060170,53.31,326.46,528
1061689,53.25,326.40,527
1063207,53.25,326.40,527
1064726,53.19,326.34,527
1066245,53.25,326.40,527
1067763,53.19,326.34,527
1069281,53.19,326.34,527
1070799,53.19,326.34,527
1072318,53.19,326.34,527
1073837,53.19,326.34,527
1075355,53.19,326.34,526
1076874,53.13,326.27,527
1078391,53.13,326.27,526
1079910,53.13,326.27,526
1081428,53.13,326.27,526
1082947,53.06,326.21,526
1084466,53.06,326.21,526
1085984,53.06,326.21,526
1087502,53.00,326.15,526
1089020,53.00,326.15,525
1090539,52.94,326.09,525
1092058,52.94,326.09,525
1093576,52.88,326.02,524
1095094,52.88,326.02,524
1096612,52.88,326.02,524
1098131,52.81,325.96,524
1099650,52.81,325.96,524
1101167,52.81,325.96,524
1102686,52.81,325.96,524
1104204,52.81,325.96,524
1105723,52.81,325.96,523
1107240,52.81,325.96,523
1108759,52.81,325.96,523
1110278,52.75,325.90,523
1111795,52.69,325.84,523
1113314,52.75,325.90,523
1114832,52.75,325.90,522
1116351,52.69,325.84,522
1117869,52.69,325.84,522
1119387,52.69,325.84,522
1120906,52.63,325.77,522
1122424,52.69,325.84,522
1123943,52.63,325.77,521
1125462,52.63,325.77,521
1126979,52.56,325.71,521
1128498,52.63,325.77,521
1130016,52.56,325.71,521
1131535,52.56,325.71,521
1133053,52.56,325.71,520
1134572,52.50,325.65,521
1136090,52.50,325.65,520
1137608,52.50,325.65,519
1139127,52.50,325.65,520
1140645,52.50,325.65,520
1142163,52.44,325.59,519
1143682,52.44,325.59,519
1145200,52.44,325.59,519
1146719,52.44,325.59,520
1148236,52.44,325.59,519
1149755,52.44,325.59,519
1151273,52.44,325.59,519
1152792,52.38,325.52,518
1154310,52.38,325.52,518
1155828,52.38,325.52,518
1157347,52.38,325.52,518
1158864,52.38,325.52,518
1160383,52.31,325.46,518
1161901,52.31,325.46,517
1163419,52.31,325.46,517
1164938,52.25,325.40,517
1166455,52.25,325.40,517
1167974,52.25,325.40,517
1169492,52.19,325.34,517
1171010,52.19,325.34,518
1172529,52.25,325.40,517
1174047,52.19,325.34,518
1175565,52.19,325.34,517
1177083,52.19,325.34,517
1178601,52.13,325.27,517
1180120,52.13,325.27,517
1181638,52.13,325.27,516
1183156,52.13,325.27,516
1184674,52.13,325.27,517
1186192,52.06,325.21,516
1187710,52.06,325.21,516
1189228,52.06,325.21,516
1190747,52.06,325.21,516
1192265,51.94,325.09,515
1193783,51.94,325.09,515
1195301,51.94,325.09,515
1196819,51.94,325.09,515
1198338,51.94,325.09,514
1199855,51.94,325.09,514
1201374,51.94,325.09,514
1202892,51.88,325.02,514
1204410,51.88,325.02,514
1205928,51.88,325.02,514
1207447,51.88,325.02,514
1208965,51.81,324.96,513
1210483,51.81,324.96,514
1212001,51.81,324.96,513
1213519,51.75,324.90,513
1215038,51.75,324.90,514
1216556,51.75,324.90,513
1218074,51.69,324.84,513
1219593,51.69,324.84,513
1221110,51.69,324.84,512
1222629,51.63,324.77,512
1224146,51.63,324.77,512
1225665,51.56,324.71,512
1227184,51.63,324.77,512
1228701,51.56,324.71,511
1230220,51.56,324.71,512
1231737,51.56,324.71,511
1233256,51.56,324.71,511
1234774,51.50,324.65,508
1236292,51.56,324.71,511
1237810,51.50,324.65,511
1239328,51.50,324.65,510
1240846,51.50,324.65,510
1242364,51.50,324.65,510
1243882,51.50,324.65,510
1245401,51.44,324.59,509
1246918,51.44,324.59,509
1248436,51.38,324.52,509
1249954,51.44,324.59,509
1251472,51.38,324.52,509
1252990,51.38,324.52,509
1254508,51.31,324.46,509
1256026,51.31,324.46,509
1257544,51.31,324.46,509
1259062,51.31,324.46,508
1260580,51.25,324.40,509
1262098,51.25,324.40,508
1263617,51.25,324.40,508
1265134,51.19,324.34,508
1266653,51.19,324.34,508
1268170,51.19,324.34,508
1269689,51.19,324.34,508
1271206,51.13,324.27,507
1272725,51.19,324.34,507
1274243,51.13,324.27,507
1275760,51.13,324.27,507
1277279,51.06,324.21,507
1278796,51.06,324.21,507
1280315,51.00,324.15,507
1281832,51.00,324.15,507
1283351,51.00,324.15,506
1284869,50.94,324.09,506
1286386,50.94,324.09,506
1287905,50.94,324.09,506
1289422,50.94,324.09,505
1290940,50.88,324.02,506
1292459,50.94,324.09,506
1293976,50.88,324.02,505
1295495,50.88,324.02,505
1297012,50.88,324.02,505
1298530,50.81,323.96,505
1300048,50.81,323.96,504
1301566,50.81,323.96,504
1303084,50.81,323.96,504
1304602,50.75,323.90,503
1306120,50.75,323.90,504
1307637,50.75,323.90,504
1309156,50.75,323.90,503
1310673,50.75,323.90,503
1312191,50.75,323.90,503
1313710,50.75,323.90,503
1315227,50.75,323.90,503
1316745,50.75,323.90,503
1318262,50.69,323.84,503
1319781,50.69,323.84,502
1321298,50.63,323.77,503
1322816,50.63,323.77,502
1324334,50.63,323.77,502
1325852,50.63,323.77,502
1327370,50.63,323.77,503
1328887,50.56,323.71,502
1330405,50.56,323.71,498
1331923,50.56,323.71,501
1333441,50.56,323.71,501
1334959,50.56,323.71,501
1336476,50.50,323.65,501
1337994,50.50,323.65,501
1339511,50.50,323.65,501
1341030,50.50,323.65,500
1342547,50.50,323.65,500
1344065,50.44,323.59,500
1345583,50.44,323.59,500
1347100,50.38,323.52,500
1348618,50.38,323.52,500
1350135,50.38,323.52,500
1351653,50.31,323.46,500
1353170,50.31,323.46,499
1354688,50.31,323.46,499
1356206,50.25,323.40,500
1357724,50.25,323.40,499
1359242,50.25,323.40,499
1360759,50.25,323.40,499
1362277,50.19,323.34,498
1363794,50.19,323.34,498
1365312,50.19,323.34,498
1366830,50.19,323.34,497
1368347,50.19,323.34,497
1369865,50.19,323.34,497
1371382,50.13,323.27,497
1372900,50.13,323.27,497
1374417,50.13,323.27,496
1375935,50.06,323.21,497
1377453,50.06,323.21,496
1378970,50.00,323.15,496
1380488,50.00,323.15,496
1382005,50.00,323.15,495
1383523,50.00,323.15,495
1385040,49.94,323.09,495
1386558,50.00,323.15,496
1388076,49.94,323.09,496
1389593,49.94,323.09,495
1391110,49.94,323.09,495
1392627,49.88,323.02,495
1394145,49.88,323.02,495
1395662,49.88,323.02,495
1397180,49.81,322.96,494
1398697,49.81,322.96,494
1400215,49.81,322.96,495
1401733,49.81,322.96,494
1403250,49.75,322.90,494
1404768,49.75,322.90,493
1406285,49.75,322.90,494
1407803,49.75,322.90,494
1409320,49.69,322.84,493
1410838,49.69,322.84,493
1412356,49.69,322.84,493
1413873,49.69,322.84,493
1415391,49.69,322.84,492
1416908,49.69,322.84,492
1418426,49.69,322.84,492
1419943,49.63,322.77,492
1421461,49.63,322.77,492
1422979,49.63,322.77,491
1424496,49.56,322.71,492
1426014,49.56,322.71,492
1427531,49.56,322.71,491
1429049,49.56,322.71,491
1430566,49.50,322.65,491
1432084,49.44,322.59,491
1433602,49.50,322.65,491
1435119,49.44,322.59,490
1436636,49.44,322.59,490
1438153,49.38,322.52,490
1439671,49.44,322.59,490
1441188,49.38,322.52,490
1442706,49.38,322.52,490
1444224,49.31,322.46,490
1445741,49.31,322.46,489
1447259,49.31,322.46,489
1448776,49.31,322.46,489
1450293,49.31,322.46,489
1451810,49.31,322.46,489
1453328,49.25,322.40,488
1454845,49.25,322.40,489
1456363,49.25,322.40,488
1457880,49.25,322.40,488
1459397,49.19,322.34,488
1460915,49.19,322.34,488
1462432,49.19,322.34,488
1463950,49.13,322.27,487
1465467,49.13,322.27,488
1466985,49.06,322.21,487
1468503,49.06,322.21,487
1470020,49.06,322.21,487
1471537,49.06,322.21,487
1473054,49.06,322.21,487
1474572,49.06,322.21,487
1476089,49.06,322.21,487
1477607,49.00,322.15,486
1479124,49.00,322.15,486
1480641,49.00,322.15,486
1482159,48.94,322.09,486
1483676,48.94,322.09,486
1485194,48.88,322.02,486
1486711,48.88,322.02,485
1488229,48.88,322.02,485
1489746,48.88,322.02,485
1491263,48.88,322.02,485
1492781,48.81,321.96,484
1494298,48.81,321.96,484
1495815,48.75,321.90,484
1497332,48.75,321.90,484
1498850,48.75,321.90,484
1500367,48.69,321.84,484
1501884,48.75,321.90,484
1503401,48.69,321.84,483
1504919,48.69,321.84,483
1506437,48.69,321.84,483
1507953,48.63,321.77,483
1509471,48.69,321.84,483
1510988,48.63,321.77,482
1512506,48.69,321.84,482
1514022,48.63,321.77,482
1515540,48.63,321.77,482
1517058,48.63,321.77,482
1518574,48.63,321.77,482
1520092,48.56,321.71,482
1521609,48.56,321.71,482
1523126,48.56,321.71,481
1524643,48.56,321.71,481
1526160,48.56,321.71,481
1527677,48.56,321.71,481
1529195,48.50,321.65,481
1530713,48.50,321.65,481
1532229,48.50,321.65,481
1533747,48.44,321.59,480
1535264,48.44,321.59,480
1536781,48.38,321.52,480
1538298,48.38,321.52,480
1539816,48.38,321.52,479
1541334,48.38,321.52,479
1542850,48.38,321.52,479
1544368,48.31,321.46,479
1545885,48.31,321.46,478
1547403,48.31,321.46,478
1548919,48.25,321.40,478
1550437,48.25,321.40,478
1551953,48.25,321.40,478
1553471,48.19,321.34,479
1554989,48.19,321.34,478
1556505,48.19,321.34,478
1558023,48.19,321.34,477
1559539,48.13,321.27,477
1561057,48.13,321.27,477
1562573,48.13,321.27,477
1564091,48.13,321.27,477
1565607,48.13,321.27,477
1567125,48.13,321.27,477
1568642,48.06,321.21,476
1570159,48.06,321.21,476
1571677,48.06,321.21,476
1573193,48.00,321.15,476
1574711,48.00,321.15,476
1576227,48.00,321.15,476
1577745,48.00,321.15,476
1579261,47.94,321.09,476
1580779,47.94,321.09,475
1582296,47.94,321.09,475
1583813,47.88,321.02,475
1585331,47.88,321.02,475
1586847,47.88,321.02,475
1588365,47.88,321.02,475
1589881,47.81,320.96,475
1591399,47.88,321.02,474
1592916,47.81,320.96,474
1594433,47.81,320.96,474
1595951,47.81,320.96,474
1597467,47.75,320.90,474
1598985,47.75,320.90,474
1600501,47.75,320.90,473
1602019,47.69,320.84,473
1603535,47.69,320.84,473
1605053,47.69,320.84,473
1606569,47.63,320.77,473
1608087,47.63,320.77,473
1609604,47.63,320.77,472
1611121,47.56,320.71,472
1612638,47.56,320.71,472
1614154,47.56,320.71,473
1615672,47.56,320.71,472
1617188,47.50,320.65,472
1618706,47.50,320.65,472
1620222,47.50,320.65,472
1621740,47.50,320.65,471
1623257,47.50,320.65,470
1624774,47.50,320.65,471
1626291,47.50,320.65,471
1627808,47.44,320.59,470
1629325,47.44,320.59,470
1630841,47.44,320.59,470
1632359,47.44,320.59,470
1633875,47.44,320.59,470
1635392,47.44,320.59,470
1636910,47.38,320.52,470
1638426,47.38,320.52,470
1639943,47.38,320.52,470
1641460,47.38,320.52,469
1642977,47.31,320.46,469
1644494,47.31,320.46,469
1646011,47.31,320.46,469
1647527,47.25,320.40,469
1649045,47.25,320.40,468
1650562,47.25,320.40,469
1652079,47.25,320.40,468
1653596,47.19,320.34,468
1655112,47.19,320.34,468
1656630,47.13,320.27,468
1658146,47.13,320.27,467
1659664,47.13,320.27,467
1661180,47.13,320.27,467
1662697,47.13,320.27,467
1664215,47.06,320.21,467
1665731,47.06,320.21,467
1667248,47.00,320.15,466
1668765,47.00,320.15,466
1670282,47.00,320.15,466
1671798,47.00,320.15,466
1673316,47.00,320.15,466
1674832,46.94,320.09,465
1676349,46.94,320.09,466
1677867,46.94,320.09,465
1679383,46.88,320.02,465
1680900,46.88,320.02,465
1682417,46.88,320.02,465
1683934,46.88,320.02,465
1685450,46.81,319.96,464
1686968,46.81,319.96,463
1688484,46.81,319.96,465
1690001,46.81,319.96,464
1691518,46.75,319.90,464
1693035,46.75,319.90,464
1694552,46.75,319.90,464
1696069,46.69,319.84,464
1697586,46.69,319.84,463
1699102,46.69,319.84,463
1700619,46.69,319.84,463
1702136,46.69,319.84,463
1703653,46.69,319.84,462
1705169,46.69,319.84,462
1706686,46.63,319.77,463
1708204,46.63,319.77,462
1709720,46.63,319.77,462
1711237,46.63,319.77,462
1712753,46.56,319.71,462
1714271,46.56,319.71,462
1715787,46.50,319.65,462
1717304,46.50,319.65,461
1718820,46.50,319.65,461
1720338,46.50,319.65,461
1721854,46.44,319.59,461
1723371,46.44,319.59,461
1724888,46.44,319.59,461
1726405,46.44,319.59,461
1727922,46.44,319.59,461
1729438,46.44,319.59,461
1730955,46.38,319.52,460
1732471,46.38,319.52,460
1733989,46.31,319.46,460
1735505,46.31,319.46,460
1737022,46.31,319.46,460
1738539,46.31,319.46,460
1740056,46.25,319.40,459
1741573,46.25,319.40,459
1743089,46.25,319.40,459
1744606,46.19,319.34,458
1746122,46.19,319.34,459
1747640,46.19,319.34,458
1749156,46.19,319.34,458
1750673,46.13,319.27,458
1752189,46.13,319.27,459
1753706,46.13,319.27,458
1755224,46.13,319.27,457
1756740,46.13,319.27,457
1758257,46.13,319.27,457
1759773,46.06,319.21,457
1761290,46.06,319.21,457
1762806,46.06,319.21,457
1764323,46.00,319.15,457
1765840,46.00,319.15,456
1767357,46.00,319.15,456
1768873,46.00,319.15,457
1770390,45.94,319.09,456
1771907,45.94,319.09,456
1773423,45.94,319.09,455
1774940,45.94,319.09,456
1776456,45.88,319.02,455
1777973,45.88,319.02,455
1779489,45.88,319.02,455
1781006,45.88,319.02,455
1782522,45.81,318.96,455
1784039,45.81,318.96,454
1785555,45.81,318.96,454
1787072,45.81,318.96,454
1788590,45.75,318.90,454
1790106,45.75,318.90,454
1791623,45.75,318.90,454
1793139,45.69,318.84,454
1794656,45.69,318.84,454
1796172,45.69,318.84,454
1797689,45.69,318.84,454
1799205,45.63,318.77,453
1800722,45.63,318.77,453
1802238,45.63,318.77,453
1803755,45.56,318.71,452
1805272,45.56,318.71,453
1806787,45.56,318.71,452
1808304,45.56,318.71,452
1809820,45.56,318.71,452
1811337,45.56,318.71,452
1812853,45.50,318.65,452
1814369,45.50,318.65,451
1815885,45.50,318.65,451
1817402,45.50,318.65,451
1818918,45.44,318.59,451
1820435,45.44,318.59,451
1821950,45.44,318.59,451
1823467,45.38,318.52,450
1824984,45.44,318.59,450
1826500,45.38,318.52,450
1828017,45.31,318.46,450
1829532,45.31,318.46,450
1831049,45.31,318.46,449
1832565,45.25,318.40,450
1834082,45.25,318.40,450
1835598,45.25,318.40,450
1837114,45.19,318.34,450
1838630,45.19,318.34,449
1840147,45.19,318.34,449
1841664,45.13,318.27,449
1843180,45.13,318.27,449
1844697,45.06,318.21,448
1846212,45.13,318.27,449
1847729,45.06,318.21,449
1849245,45.06,318.21,448
1850762,45.06,318.21,448
1852278,45.00,318.15,448
1853794,45.00,318.15,448
1855310,45.00,318.15,448
1856827,45.00,318.15,447
1858343,45.00,318.15,447
1859860,44.94,318.09,447
1861377,44.94,318.09,447
1862893,44.94,318.09,447
1864409,44.88,318.02,447
1865925,44.88,318.02,446
1867442,44.88,318.02,446
1868958,44.88,318.02,446
1870475,44.88,318.02,446
1871990,44.88,318.02,446
1873507,44.81,317.96,445
1875023,44.81,317.96,445
1876540,44.75,317.90,445
1878056,44.81,317.96,445
1879572,44.75,317.90,445
1881089,44.75,317.90,445
1882605,44.75,317.90,444
1884122,44.69,317.84,444
1885638,44.69,317.84,445
1887154,44.69,317.84,444
1888670,44.63,317.77,444
1890187,44.63,317.77,444
1891703,44.63,317.77,444
1893220,44.63,317.77,444
1894735,44.63,317.77,444
1896252,44.56,317.71,443
1897768,44.63,317.77,444
1899285,44.56,317.71,443
1900802,44.56,317.71,443
1902317,44.56,317.71,443
1903834,44.50,317.65,443
1905350,44.50,317.65,442
1906867,44.50,317.65,442
1908382,44.50,317.65,442
1909899,44.50,317.65,442
1911415,44.44,317.59,442
1912932,44.44,317.59,442
1914447,44.50,317.65,442
1915964,44.44,317.59,442
1917480,44.44,317.59,441
1918997,44.44,317.59,442
1920513,44.38,317.52,442
1922029,44.38,317.52,441
1923546,44.38,317.52,441
1925061,44.38,317.52,441
1926578,44.31,317.46,441
1928094,44.38,317.52,441
1929611,44.31,317.46,440
1931126,44.31,317.46,440
1932643,44.31,317.46,440
1934159,44.31,317.46,440
1935675,44.25,317.40,440
1937191,44.25,317.40,440
1938708,44.25,317.40,440
1940224,44.19,317.34,439
1941740,44.19,317.34,439
1943257,44.19,317.34,439
1944772,44.13,317.27,439
1946289,44.13,317.27,439
1947805,44.13,317.27,439
1949321,44.13,317.27,438
1950837,44.06,317.21,438
1952354,44.06,317.21,436
1953869,44.00,317.15,438
1955386,44.00,317.15,437
1956902,44.00,317.15,436
1958418,43.94,317.09,436
1959934,43.94,317.09,436
1961451,43.94,317.09,436
1962967,43.94,317.09,435
1964483,43.88,317.02,435
1966000,43.88,317.02,435
1967515,43.88,317.02,436
1969032,43.88,317.02,434
1970547,43.81,316.96,434
1972064,43.81,316.96,435
1973579,43.81,316.96,434
1975096,43.75,316.90,434
1976612,43.81,316.96,434
1978128,43.75,316.90,433
1979644,43.75,316.90,433
1981160,43.75,316.90,433
1982676,43.75,316.90,433
1984192,43.69,316.84,433
1985709,43.69,316.84,433
1987224,43.69,316.84,433
1988741,43.69,316.84,433
1990256,43.69,316.84,433
1991773,43.63,316.77,433
1993288,43.63,316.77,432
1994805,43.63,316.77,432
1996320,43.63,316.77,432
1997837,43.56,316.71,432
1999352,43.56,316.71,432
2000869,43.50,316.65,431
3020568,36.50,309.65,364
3022083,36.50,309.65,363
3023597,36.50,309.65,363
3025112,36.50,309.65,363
3026626,36.50,309.65,363
3028141,36.50,309.65,363
3029655,36.50,309.65,363
3031170,36.50,309.65,363
3032684,36.50,309.65,363
3034199,36.50,309.65,363
3035713,36.50,309.65,362
3037227,36.50,309.65,362
3038741,36.44,309.59,362
3040256,36.44,309.59,362
3041770,36.44,309.59,362
3043284,36.44,309.59,362
3044799,36.44,309.59,362
3046313,36.44,309.59,362
3047828,36.38,309.52,362
3049342,36.38,309.52,362
3050857,36.38,309.52,362
3052371,36.38,309.52,362
3053886,36.38,309.52,362
3055400,36.38,309.52,361
3056915,36.38,309.52,362
3058429,36.38,309.52,362
3059943,36.31,309.46,361
3061457,36.31,309.46,361
3062972,36.31,309.46,361
3064486,36.38,309.52,362
3066001,36.31,309.46,361
3067515,36.31,309.46,361
3069030,36.31,309.46,361
3070544,36.31,309.46,361
3072059,36.31,309.46,361
3073573,36.25,309.40,361
3075088,36.25,309.40,361
3076602,36.25,309.40,361
3078117,36.31,309.46,361
3079631,36.25,309.40,361
3081146,36.25,309.40,360
3082660,36.25,309.40,361
3084175,36.25,309.40,360
3085689,36.25,309.40,360
3087204,36.25,309.40,360
3088718,36.25,309.40,361
3090233,36.19,309.34,361
3091747,36.25,309.40,360
3093263,36.19,309.34,360
3094776,36.19,309.34,360
3096292,36.19,309.34,360
3097806,36.19,309.34,360
3099321,36.19,309.34,360
3100835,36.13,309.27,360
3102350,36.13,309.27,360
3103864,36.13,309.27,359
3105379,36.13,309.27,360
3106893,36.13,309.27,360
3108408,36.13,309.27,359
3109922,36.13,309.27,359
3111437,36.13,309.27,359
3112951,36.13,309.27,360
3114466,36.13,309.27,359
3115980,36.13,309.27,359
3117495,36.06,309.21,359
3119009,36.06,309.21,359
3120524,36.06,309.21,360
3122038,36.06,309.21,359
3123553,36.06,309.21,359
3125067,36.00,309.15,359
3126582,36.06,309.21,359
3128096,36.06,309.21,359
3129611,36.06,309.21,359
3131125,36.06,309.21,358
3132640,36.00,309.15,358
3134154,36.00,309.15,359
3135669,36.00,309.15,359
3137183,36.00,309.15,358
3138698,36.00,309.15,358
3140212,36.00,309.15,358
3141727,36.00,309.15,358
3143241,36.00,309.15,358
3144756,36.00,309.15,358
3146270,35.94,309.09,358
3147785,35.94,309.09,358
3149299,35.94,309.09,358
3150814,35.94,309.09,357
3152328,35.94,309.09,358
3153843,35.94,309.09,357
3155357,35.94,309.09,357
3156872,35.94,309.09,357
3158386,35.94,309.09,355
3159901,35.94,309.09,358
3161415,35.88,309.02,357
3162930,35.88,309.02,357
3164443,35.88,309.02,357
3165959,35.88,309.02,358
3167473,35.88,309.02,357
3168988,35.88,309.02,357
3170501,35.88,309.02,356
3172016,35.88,309.02,357
3173530,35.81,308.96,357
3175046,35.81,308.96,356
3176559,35.88,309.02,357
3178074,35.81,308.96,356
3179588,35.81,308.96,356
3181103,35.81,308.96,356
3182617,35.81,308.96,356
3184132,35.81,308.96,356
3185646,35.75,308.90,356
3187161,35.75,308.90,356
3188675,35.75,308.90,356
3190190,35.75,308.90,356
3191704,35.75,308.90,356
3193219,35.75,308.90,356
3194733,35.75,308.90,356
3196248,35.75,308.90,356
3197762,35.69,308.84,356
3199277,35.69,308.84,355
3200791,35.75,308.90,356
3202306,35.69,308.84,355
3203820,35.69,308.84,355
3205335,35.69,308.84,355
3206849,35.69,308.84,355
3208364,35.69,308.84,355
3209878,35.63,308.77,355
3211393,35.63,308.77,355
3212907,35.63,308.77,355
3214420,35.63,308.77,355
3215935,35.63,308.77,355
3217449,35.63,308.77,355
3218964,35.56,308.71,355
3220478,35.63,308.77,355
3221993,35.63,308.77,355
3223507,35.56,308.71,355
3225022,35.63,308.77,355
3226536,35.56,308.71,355
3228051,35.56,308.71,354
3229565,35.56,308.71,354
3231079,35.56,308.71,354
3232593,35.56,308.71,354
3234108,35.56,308.71,354
3235622,35.56,308.71,354
3237137,35.56,308.71,354
3238650,35.56,308.71,353
3240165,35.50,308.65,354
3241679,35.50,308.65,353
3243194,35.50,308.65,354
3244707,35.50,308.65,354
3246222,35.50,308.65,353
3247736,35.50,308.65,354
3249251,35.50,308.65,353
3250764,35.50,308.65,353
3252279,35.50,308.65,353
3253793,35.44,308.59,353
3255308,35.44,308.59,353
3256822,35.44,308.59,353
3258336,35.44,308.59,353
3259850,35.44,308.59,353
3261365,35.44,308.59,353
3262879,35.44,308.59,353
3264393,35.44,308.59,353
3265907,35.44,308.59,352
3267422,35.44,308.59,353
3268936,35.38,308.52,352
3270451,35.38,308.52,352
3271964,35.38,308.52,352
3273479,35.38,308.52,352
3274993,35.31,308.46,352
3276508,35.38,308.52,353
3278022,35.38,308.52,352
3279536,35.38,308.52,352
3281050,35.38,308.52,353
3282565,35.38,308.52,352
3284079,35.31,308.46,352
3285594,35.31,308.46,352
3287108,35.31,308.46,352
3288622,35.31,308.46,352
3290136,35.31,308.46,352
3291651,35.31,308.46,352
3293165,35.31,308.46,352
3294679,35.31,308.46,352
3296193,35.31,308.46,352
3297708,35.31,308.46,351
3299222,35.31,308.46,351
3300736,35.25,308.40,351
3302250,35.25,308.40,351
3303764,35.25,308.40,352
3305279,35.25,308.40,352
3306793,35.25,308.40,352
3308307,35.25,308.40,351
3309821,35.25,308.40,349
3311336,35.25,308.40,351
3312850,35.25,308.40,351
3314364,35.25,308.40,351
3315878,35.25,308.40,350
3317393,35.19,308.34,351
3318907,35.25,308.40,351
3320421,35.25,308.40,351
3321935,35.25,308.40,350
3323450,35.25,308.40,351
3324964,35.19,308.34,351
3326478,35.19,308.34,350
3327992,35.19,308.34,350
3329507,35.13,308.27,350
3331021,35.13,308.27,350
3332535,35.13,308.27,351
3334049,35.19,308.34,351
3335564,35.19,308.34,350
3337078,35.13,308.27,351
3338593,35.19,308.34,350
3340106,35.19,308.34,350
3341621,35.19,308.34,350
3343135,35.13,308.27,350
3344650,35.13,308.27,350
3346163,35.13,308.27,350
3347678,35.13,308.27,350
3349192,35.13,308.27,350
3350706,35.13,308.27,350
3352220,35.13,308.27,349
3353735,35.06,308.21,350
3355249,35.06,308.21,349
3356764,35.13,308.27,350
3358277,35.06,308.21,350
3359792,35.06,308.21,349
3361306,35.06,308.21,350
3362820,35.06,308.21,349
3364334,35.13,308.27,350
3365849,35.06,308.21,349
3367363,35.06,308.21,349
3368877,35.06,308.21,349
3370391,35.00,308.15,349
3371906,35.06,308.21,349
3373419,35.06,308.21,349
3374934,35.00,308.15,348
3376448,35.00,308.15,349
3377961,35.00,308.15,349
3379476,35.00,308.15,349
3380990,35.00,308.15,349
3382505,35.00,308.15,348
3384018,35.00,308.15,349
3385533,35.00,308.15,349
3387047,35.00,308.15,349
3388561,35.00,308.15,348
3390075,35.00,308.15,348
3391590,34.94,308.09,348
3393103,35.00,308.15,348
3394618,34.94,308.09,348
3396132,34.94,308.09,348
3397646,34.94,308.09,348
3399160,34.94,308.09,348
3400675,34.94,308.09,348
3402188,34.94,308.09,348
3403703,34.94,308.09,348
3405217,34.94,308.09,348
3406731,34.94,308.09,348
3408245,34.94,308.09,348
3409760,34.94,308.09,347
3411274,34.94,308.09,347
3412788,34.88,308.02,347
3414302,34.88,308.02,347
3415817,34.88,308.02,347
3417331,34.88,308.02,347
3418846,34.81,307.96,347
3420359,34.81,307.96,347
3421874,34.81,307.96,347
3423388,34.81,307.96,347
3424903,34.81,307.96,346
3426417,34.75,307.90,346
3427932,34.75,307.90,347
3429445,34.81,307.96,346
3430960,34.81,307.96,346
3432474,34.75,307.90,347
3433989,34.75,307.90,347
3435502,34.75,307.90,346
3437017,34.75,307.90,346
3438531,34.75,307.90,346
3440046,34.75,307.90,346
3441560,34.75,307.90,346
3443074,34.69,307.84,346
3444588,34.75,307.90,346
3446103,34.75,307.90,346
3447617,34.75,307.90,345
3449132,34.69,307.84,346
3450645,34.69,307.84,346
3452160,34.69,307.84,346
3453674,34.69,307.84,346
3455188,34.69,307.84,346
3456702,34.69,307.84,345
3458216,34.69,307.84,346
3459731,34.69,307.84,345
3461245,34.69,307.84,345
3462760,34.69,307.84,345
3464273,34.69,307.84,345
3465788,34.63,307.77,345
3467302,34.69,307.84,345
3468817,34.63,307.77,345
3470330,34.69,307.84,345
3471845,34.69,307.84,345
3473359,34.63,307.77,345
3474874,34.63,307.77,345
3476387,34.63,307.77,345
3477902,34.63,307.77,345
3479416,34.63,307.77,345
3480931,34.63,307.77,345
3482444,34.56,307.71,345
3483959,34.63,307.77,345
3485473,34.56,307.71,344
3486988,34.56,307.71,344
3488502,34.56,307.71,344
3490016,34.56,307.71,345
3491530,34.56,307.71,344
3493045,34.56,307.71,344
3494559,34.56,307.71,344
3496073,34.50,307.65,344
3497587,34.50,307.65,344
3499102,34.50,307.65,344
3500616,34.50,307.65,344
3502131,34.50,307.65,344
3503644,34.50,307.65,344
3505159,34.50,307.65,344
3506673,34.50,307.65,344
3508188,34.44,307.59,344
3509701,34.44,307.59,344
3511216,34.50,307.65,344
3512730,34.44,307.59,344
3514245,34.44,307.59,344
3515759,34.44,307.59,344
3517273,34.44,307.59,343
3518787,34.44,307.59,343
3520302,34.44,307.59,343
3521816,34.44,307.59,343
3523331,34.44,307.59,343
3524844,34.44,307.59,344
3526359,34.44,307.59,343
3527873,34.50,307.65,345
3529388,34.44,307.59,343
3530901,34.44,307.59,343
3532416,34.44,307.59,344
3533930,34.38,307.52,343
3535444,34.38,307.52,343
3536958,34.38,307.52,343
3538472,34.38,307.52,343
3539987,34.38,307.52,343
3541501,34.38,307.52,342
3543016,34.38,307.52,343
3544529,34.38,307.52,343
3546044,34.38,307.52,342
3547558,34.38,307.52,342
3549073,34.38,307.52,342
3550586,34.38,307.52,343
3552101,34.38,307.52,343
3553615,34.38,307.52,342
3555130,34.38,307.52,342
3556643,34.38,307.52,342
3558158,34.38,307.52,342
3559672,34.38,307.52,342
3561187,34.38,307.52,342
3562700,34.38,307.52,342
3564215,34.38,307.52,340
3565729,34.31,307.46,342
3567243,34.31,307.46,342
3568757,34.31,307.46,342
3570272,34.31,307.46,342
3571786,34.31,307.46,342
3573300,34.25,307.40,342
3574814,34.31,307.46,342
3576329,34.25,307.40,341
3577843,34.25,307.40,342
3579357,34.25,307.40,342
3580871,34.25,307.40,342
3582386,34.25,307.40,341
3583899,34.25,307.40,341
3585414,34.25,307.40,341
3586928,34.25,307.40,342
3588442,34.25,307.40,341
3589956,34.25,307.40,341
3591470,34.19,307.34,341
3592984,34.25,307.40,341
3594499,34.19,307.34,341
3596012,34.25,307.40,341
3597527,34.19,307.34,341
3599040,34.25,307.40,338
3600555,34.19,307.34,341
3602069,34.19,307.34,341
3603582,34.19,307.34,341
3605097,34.19,307.34,340
3606611,34.19,307.34,341
3608125,34.19,307.34,341
3609639,34.19,307.34,341
3611153,34.19,307.34,340
3612667,34.19,307.34,341
3614182,34.13,307.27,340
3615695,34.13,307.27,341
3617210,34.13,307.27,340
3618723,34.13,307.27,340
3620238,34.13,307.27,340
3621752,34.13,307.27,340
3623266,34.13,307.27,340
3624780,34.13,307.27,340
3626295,34.13,307.27,340
3627808,34.13,307.27,340
3629323,34.13,307.27,340
3630836,34.13,307.27,340
3632351,34.06,307.21,340
3633864,34.13,307.27,340
3635379,34.13,307.27,340
3636893,34.06,307.21,339
3638407,34.06,307.21,339
3639921,34.06,307.21,340
3641435,34.06,307.21,340
3642949,34.06,307.21,339
3644463,34.06,307.21,339
3645977,34.06,307.21,339
3647492,34.00,307.15,339
3649005,34.06,307.21,339
3650520,34.06,307.21,340
3652033,34.00,307.15,339
3653548,34.06,307.21,339
3655061,34.00,307.15,339
3656576,34.00,307.15,339
3658089,34.00,307.15,339
3659603,34.00,307.15,339
3661118,34.00,307.15,339
3662631,34.00,307.15,339
3664146,34.00,307.15,339
3665659,34.00,307.15,339
3667174,34.00,307.15,339
3668687,34.00,307.15,339
3670202,34.00,307.15,338
3671716,34.00,307.15,339
3673230,33.94,307.09,339
3674744,33.94,307.09,338
3676258,33.94,307.09,338
3677772,33.94,307.09,339
3679286,33.94,307.09,338
3680800,33.94,307.09,338
3682314,33.94,307.09,338
3683828,33.94,307.09,338
3685343,33.88,307.02,338
3686856,33.88,307.02,338
3688371,33.88,307.02,338
3689884,33.88,307.02,338
3691399,33.88,307.02,338
3692912,33.88,307.02,338
3694427,33.88,307.02,338
3695941,33.88,307.02,338
3697455,33.88,307.02,337
3698969,33.88,307.02,338
3700484,33.88,307.02,337
3701997,33.88,307.02,337
3703512,33.88,307.02,338
3705026,33.81,306.96,338
3706540,33.88,307.02,337
3708054,33.88,307.02,338
3709569,33.81,306.96,337
3711082,33.81,306.96,337
3712596,33.81,306.96,337
3714111,33.81,306.96,337
3715625,33.81,306.96,337
3717139,33.81,306.96,337
3718653,33.81,306.96,337
3720168,33.81,306.96,337
3721681,33.75,306.90,337
3723196,33.81,306.96,337
3724710,33.81,306.96,337
3726224,33.81,306.96,337
3727738,33.75,306.90,336
3729253,33.75,306.90,337
3730766,33.75,306.90,337
3732281,33.75,306.90,337
3733795,33.75,306.90,336
3735309,33.75,306.90,336
3736823,33.75,306.90,337
3738338,33.75,306.90,336
3739851,33.75,306.90,336
3741366,33.69,306.84,336
3742880,33.69,306.84,336
3744394,33.69,306.84,336
3745908,33.69,306.84,336
3747423,33.69,306.84,336
3748936,33.69,306.84,336
3750451,33.69,306.84,337
3751965,33.69,306.84,336
3753479,33.69,306.84,336
3754993,33.69,306.84,336
3756508,33.69,306.84,336
3758021,33.63,306.77,336
3759536,33.63,306.77,336
3761050,33.63,306.77,335
3762564,33.63,306.77,336
3764078,33.63,306.77,336
3765593,33.63,306.77,336
3767106,33.63,306.77,336
3768621,33.63,306.77,336
3770135,33.63,306.77,336
3771649,33.63,306.77,336
3773163,33.63,306.77,335
3774678,33.63,306.77,335
3776191,33.63,306.77,336
3777705,33.63,306.77,335
3779220,33.63,306.77,335
3780733,33.56,306.71,335
3782248,33.56,306.71,335
3783762,33.56,306.71,335
3785276,33.63,306.77,335
3786790,33.56,306.71,335
3788305,33.56,306.71,335
3789818,33.56,306.71,335
3791333,33.56,306.71,335
3792846,33.56,306.71,335
3794361,33.56,306.71,335
3795875,33.56,306.71,335
3797389,33.56,306.71,334
3798903,33.56,306.71,334
3800418,33.50,306.65,335
3801931,33.50,306.65,335
3803446,33.56,306.71,334
3804960,33.50,306.65,335
3806474,33.50,306.65,335
3807988,33.50,306.65,335
3809502,33.50,306.65,335
3811016,33.50,306.65,334
3812531,33.50,306.65,334
3814044,33.44,306.59,334
3815559,33.50,306.65,334
3817072,33.50,306.65,334
3818587,33.50,306.65,335
3820100,33.44,306.59,333
3821615,33.44,306.59,334
3823128,33.44,306.59,334
3824643,33.44,306.59,334
3826157,33.44,306.59,334
3827671,33.44,306.59,334
3829185,33.44,306.59,334
3830699,33.44,306.59,334
3832213,33.44,306.59,334
3833726,33.44,306.59,334
3835241,33.44,306.59,334
3836754,33.44,306.59,333
3838269,33.44,306.59,334
3839782,33.44,306.59,334
3841297,33.44,306.59,333
3842810,33.44,306.59,333
3844325,33.38,306.52,333
3845838,33.44,306.59,333
3847353,33.38,306.52,333
3848867,33.38,306.52,333
3850381,33.38,306.52,332
3851895,33.38,306.52,334
3853409,33.38,306.52,333
3854923,33.38,306.52,334
3856437,33.38,306.52,333
3857951,33.38,306.52,333
3859465,33.31,306.46,333
3860979,33.38,306.52,334
3862493,33.38,306.52,333
3864007,33.31,306.46,333
3865521,33.31,306.46,333
3867035,33.31,306.46,332
3868549,33.38,306.52,333
3870063,33.38,306.52,333
3871577,33.38,306.52,332
3873091,33.38,306.52,333
3874605,33.38,306.52,333
3876119,33.31,306.46,332
3877633,33.31,306.46,333
3879147,33.31,306.46,332
3880660,33.31,306.46,333
3882175,33.25,306.40,332
3883688,33.31,306.46,332
3885203,33.31,306.46,332
3886716,33.25,306.40,332
3888231,33.25,306.40,332
3889744,33.25,306.40,332
3891259,33.25,306.40,332
3892772,33.25,306.40,332
3894287,33.25,306.40,332
3895800,33.25,306.40,333
3897315,33.25,306.40,332
3898828,33.25,306.40,332
3900343,33.25,306.40,333
3901856,33.25,306.40,332
3903371,33.25,306.40,332
3904884,33.25,306.40,331
3906399,33.19,306.34,331
3907912,33.25,306.40,332
3909427,33.19,306.34,331
3910941,33.19,306.34,332
3912455,33.19,306.34,332
3913969,33.19,306.34,331
3915483,33.19,306.34,332
3916997,33.19,306.34,332
3918511,33.19,306.34,331
3920025,33.19,306.34,331
3921540,33.19,306.34,331
3923053,33.25,306.40,330
3924568,33.19,306.34,331
3926081,33.19,306.34,331
3927596,33.19,306.34,331
3929109,33.13,306.27,331
3930624,33.19,306.34,331
3932138,33.13,306.27,331
3933651,33.13,306.27,331
3935166,33.13,306.27,331
3936679,33.13,306.27,331
3938194,33.13,306.27,331
3939708,33.19,306.34,330
3941222,33.13,306.27,331
3942736,33.13,306.27,331
3944250,33.13,306.27,331
3945764,33.13,306.27,331
3947278,33.13,306.27,331
3948792,33.13,306.27,331
3950307,33.13,306.27,331
3951820,33.13,306.27,331
3953335,33.13,306.27,331
3954848,33.13,306.27,330
3956363,33.13,306.27,330
3957877,33.13,306.27,330
3959391,33.06,306.21,330
3960905,33.06,306.21,331
3962419,33.06,306.21,331
3963933,33.06,306.21,330
3965447,33.06,306.21,330
3966961,33.06,306.21,331
3968476,33.06,306.21,330
3969989,33.06,306.21,330
3971504,33.13,306.27,330
3973017,33.06,306.21,330
3974532,33.06,306.21,330
3976045,33.06,306.21,331
3977560,33.06,306.21,330
3979074,33.06,306.21,330
3980588,33.06,306.21,329
3982102,33.06,306.21,330
3983616,33.00,306.15,330
3985130,33.00,306.15,330
3986643,33.00,306.15,329
3988158,33.00,306.15,330
3989672,33.00,306.15,330
3991186,33.00,306.15,330
3992700,33.00,306.15,329
3994214,33.00,306.15,329
3995728,33.00,306.15,330
3997242,33.00,306.15,329
3998756,33.00,306.15,329
4000270,33.00,306.15,330
4001784,33.00,306.15,329
4003298,33.00,306.15,329
4004812,32.94,306.09,329
4006327,33.00,306.15,329
4007840,33.00,306.15,329
4009355,33.00,306.15,329
4010868,32.94,306.09,329
4012383,33.00,306.15,328
4013896,32.94,306.09,329
4015411,32.94,306.09,329
4016924,33.00,306.15,329
4018439,33.00,306.15,329
4019952,32.94,306.09,329
4021467,33.00,306.15,329
4022980,33.00,306.15,329
4024495,32.94,306.09,329
4026008,32.94,306.09,329
4027523,32.94,306.09,329
4029036,32.94,306.09,329
4030551,32.94,306.09,329
4032064,32.94,306.09,329
4033579,32.94,306.09,328
4035092,32.94,306.09,328
4036606,32.94,306.09,329
4038120,32.94,306.09,328
4039634,32.94,306.09,328
4041148,32.94,306.09,329
4042662,32.94,306.09,328
4044176,32.94,306.09,328
4045690,32.88,306.02,328
4047204,32.88,306.02,328
4048718,32.88,306.02,328
4050232,32.88,306.02,328
4051746,32.88,306.02,328
4053260,32.88,306.02,328
4054774,32.88,306.02,328
4056288,32.81,305.96,328
4057802,32.88,306.02,328
4059317,32.88,306.02,328
4060830,32.81,305.96,328
4062345,32.88,306.02,328
4063858,32.88,306.02,328
4065373,32.88,306.02,327
4066886,32.81,305.96,328
4068401,32.88,306.02,328
4069914,32.88,306.02,327
4071429,32.88,306.02,328
4072942,32.88,306.02,328
4074457,32.81,305.96,327
4075970,32.81,305.96,328
4077485,32.81,305.96,327
4078998,32.81,305.96,327
4080513,32.81,305.96,328
4082026,32.81,305.96,327
4083540,32.81,305.96,327
4085054,32.81,305.96,327
4086568,32.81,305.96,327
4088082,32.88,306.02,327
4089596,32.81,305.96,327
4091110,32.81,305.96,328
4092624,32.81,305.96,327
4094138,32.81,305.96,327
4095652,32.81,305.96,327
4097166,32.75,305.90,327
4098680,32.81,305.96,327
4100194,32.75,305.90,327
4101708,32.75,305.90,327
4103222,32.75,305.90,327
4104736,32.75,305.90,327
4106250,32.75,305.90,326
4107764,32.75,305.90,327
4109278,32.75,305.90,327
4110792,32.75,305.90,327
4112306,32.75,305.90,327
4113820,32.75,305.90,327
4115334,32.69,305.84,327
4116848,32.75,305.90,327
4118362,32.75,305.90,326
4119876,32.69,305.84,326
4121390,32.75,305.90,327
4122904,32.69,305.84,326
4124418,32.69,305.84,326
4125932,32.69,305.84,326
4127446,32.69,305.84,326
4128960,32.69,305.84,326
4130473,32.69,305.84,326
4131988,32.69,305.84,326
4133501,32.69,305.84,326
4135016,32.69,305.84,326
4136529,32.69,305.84,326
4138044,32.69,305.84,326
4139557,32.69,305.84,326
4141072,32.69,305.84,326
4142585,32.56,305.71,324
4144100,32.44,305.59,322
4145613,32.25,305.40,321
4147128,32.19,305.34,319
4148641,32.13,305.27,319
4150155,32.13,305.27,318
4151669,32.06,305.21,319
4153183,32.06,305.21,318
4154697,32.00,305.15,318
4156211,32.00,305.15,318
4157724,31.94,305.09,318
4159239,31.94,305.09,318
4160752,31.87,305.02,318
4162267,31.87,305.02,318
4163780,31.87,305.02,317
4165295,31.87,305.02,317
4166808,31.87,305.02,317
4168322,31.81,304.96,317
4169836,31.81,304.96,317
4171350,31.81,304.96,318
4172864,31.81,304.96,317
4174377,31.81,304.96,317
4175892,31.75,304.90,317
4177405,31.75,304.90,317
4178919,31.81,304.96,317
4180433,31.81,304.96,318
4181947,31.81,304.96,317
4183460,31.81,304.96,317
4184975,31.81,304.96,317
4186488,31.81,304.96,317
4188003,31.81,304.96,317
4189516,31.75,304.90,317
4191030,31.75,304.90,317
4192544,31.75,304.90,317
4194058,31.81,304.96,317
4195572,31.75,304.90,318
4197086,31.75,304.90,317
4198599,31.75,304.90,317
4200114,31.75,304.90,317
4201627,31.75,304.90,317
4203141,31.75,304.90,317
4204655,31.75,304.90,317
4206169,31.75,304.90,317
4207683,31.75,304.90,317
4209197,31.75,304.90,317
4210710,31.75,304.90,317
4212225,31.75,304.90,317
4213738,31.69,304.84,317
4215251,31.75,304.90,316
4216766,31.75,304.90,317
4218279,31.75,304.90,317
4219794,31.75,304.90,317
4221307,31.75,304.90,317
4222821,31.75,304.90,317
4224335,31.75,304.90,317
4225849,31.75,304.90,317
4227363,31.75,304.90,317
4228877,31.75,304.90,317
4230390,31.75,304.90,317
4231905,31.75,304.90,317
4233418,31.75,304.90,317
4234933,31.75,304.90,317
4236446,31.75,304.90,317
4237960,31.75,304.90,317
4239474,31.75,304.90,317
4240988,31.75,304.90,317
4242501,31.75,304.90,317
4244016,31.69,304.84,317
4245529,31.75,304.90,316
4247044,31.75,304.90,317
4248557,31.69,304.84,317
4250071,31.75,304.90,317
4251585,31.69,304.84,317
4253099,31.75,304.90,316
4254612,31.69,304.84,316
4256126,31.69,304.84,317
4257640,31.69,304.84,317
4259154,31.69,304.84,316
4260668,31.69,304.84,316
4262181,31.69,304.84,316
4263696,31.69,304.84,316
4265209,31.69,304.84,316
4266724,31.62,304.77,316
4268237,31.62,304.77,316
4269751,31.69,304.84,316
4271265,31.62,304.77,317
4272779,31.62,304.77,316
4274292,31.62,304.77,316
4275807,31.62,304.77,316
4277320,31.62,304.77,316
4278835,31.62,304.77,316
4280348,31.62,304.77,316
4281862,31.69,304.84,316
4283376,31.69,304.84,316
4284890,31.62,304.77,316
4286403,31.69,304.84,316
4287918,31.62,304.77,316
4289431,31.69,304.84,316
4290945,31.62,304.77,316
4292459,31.62,304.77,316
4293972,31.62,304.77,316
4295486,31.62,304.77,316
4297000,31.62,304.77,316
4298514,31.62,304.77,316
4300028,31.62,304.77,315
4301542,31.62,304.77,316
4303055,31.62,304.77,316
4304570,31.62,304.77,316
4306083,31.62,304.77,316
4307597,31.62,304.77,316
4309111,31.62,304.77,315
4310625,31.56,304.71,315
4312138,31.62,304.77,316
4313653,31.56,304.71,316
4315166,31.62,304.77,316
4316680,31.56,304.71,316
4318194,31.62,304.77,315
4319708,31.62,304.77,315
4321221,31.62,304.77,316
4322736,31.56,304.71,315
4324249,31.56,304.71,315
4325763,31.56,304.71,315
4327276,31.56,304.71,315
4328791,31.56,304.71,315
4330304,31.56,304.71,315
4331817,31.56,304.71,315
4333332,31.56,304.71,315
4334845,31.56,304.71,315
4336359,31.56,304.71,315
4337873,31.56,304.71,315
4339387,31.56,304.71,316
4340900,31.56,304.71,315
4342415,31.56,304.71,315
4343928,31.56,304.71,315
4345442,31.56,304.71,315
4346956,31.56,304.71,315
4348470,31.56,304.71,315
4349983,31.56,304.71,315
4351497,31.56,304.71,315
4353011,31.56,304.71,315
4354525,31.56,304.71,315
4356038,31.50,304.65,315
4357553,31.50,304.65,315
4359066,31.56,304.71,315
4360580,31.56,304.71,315
4362094,31.50,304.65,315
4363608,31.50,304.65,315
4365121,31.56,304.71,315
4366636,31.50,304.65,315
4368149,31.56,304.71,315
4369662,31.50,304.65,314
