time,17.31,290.46
2105,17.00,290.15
time_ms,temp_c,temp_k
593,16.62,289.77
2105,16.44,289.59
3616,16.31,289.46
5128,16.25,289.40
6639,16.12,289.27
8151,16.00,289.15
9662,15.94,289.09
11172,15.88,289.02
12684,15.75,288.90
14195,15.69,288.84
15707,15.50,288.65
17218,15.38,288.52
18728,15.19,288.34
20240,15.06,288.21
21751,14.88,288.02
23263,14.75,287.90
24773,14.75,287.90
26285,14.63,287.77
27796,14.44,287.59
29306,14.25,287.40
30818,14.06,287.21
32329,14.00,287.15
33840,13.88,287.02
35351,13.81,286.96
36862,13.81,286.96
38373,13.63,286.77
39884,13.50,286.65
41396,13.31,286.46
42906,13.13,286.27
44418,13.00,286.15
45928,12.75,285.90
47439,12.56,285.71
48950,12.38,285.52
50461,12.25,285.40
51972,12.13,285.27
53483,12.00,285.15
54993,11.94,285.09
56505,11.94,285.09
58015,11.94,285.09
59527,11.94,285.09
61037,12.00,285.15
62548,11.94,285.09
64059,11.94,285.09
65569,11.88,285.02
67081,11.81,284.96
68591,11.69,284.84
70103,11.56,284.71
71613,11.56,284.71
73124,11.50,284.65
74635,11.50,284.65
76145,11.38,284.52
77657,11.31,284.46
79167,11.38,284.52
80678,11.31,284.46
82189,11.31,284.46
83700,11.31,284.46
85211,11.31,284.46
86721,11.38,284.52
88232,11.38,284.52
89743,11.38,284.52
91253,11.38,284.52
92765,11.50,284.65
94276,11.94,285.09
95787,12.50,285.65
97298,13.25,286.40
98808,13.88,287.02
100320,14.44,287.59
101831,14.88,288.02
103343,15.31,288.46
104854,15.63,288.77
106365,15.88,289.02
107877,16.19,289.34
109388,16.50,289.65
110900,16.81,289.96
112411,17.12,290.27
113923,17.37,290.52
115434,17.69,290.84
