14
wiring
32467,,
# Error: could not read temperature, check wiring
34220,,
# Error: could not read temperature, check wiring
wiring
32467,,
# Error: could not read temperature, check wiring
34220,,
# Error: could not read temperature, check wiring
time_ms,temp_c,temp_k
945,,
# Error: could not read temperature, check wiring
2697,,
# Error: could not read temperature, check wiring
4449,,
# Error: could not read temperature, check wiring
6201,,
# Error: could not read temperature, check wiring
7952,,
# Error: could not read temperature, check wiring
9703,,
# Error: could not read temperature, check wiring
11455,,
# Error: could not read temperature, check wiring
